Component: ARM Compiler 5.06 update 6 (build 750) Tool: armlink [4d35ed]

==============================================================================

Section Cross References

    startup_stm32f103x6.o(RESET) refers to startup_stm32f103x6.o(STACK) for __initial_sp
    startup_stm32f103x6.o(RESET) refers to startup_stm32f103x6.o(.text) for Reset_Handler
    startup_stm32f103x6.o(RESET) refers to stm32f1xx_it.o(i.NMI_Handler) for NMI_Handler
    startup_stm32f103x6.o(RESET) refers to stm32f1xx_it.o(i.HardFault_Handler) for HardFault_Handler
    startup_stm32f103x6.o(RESET) refers to stm32f1xx_it.o(i.MemManage_Handler) for MemManage_Handler
    startup_stm32f103x6.o(RESET) refers to stm32f1xx_it.o(i.BusFault_Handler) for BusFault_Handler
    startup_stm32f103x6.o(RESET) refers to stm32f1xx_it.o(i.UsageFault_Handler) for UsageFault_Handler
    startup_stm32f103x6.o(RESET) refers to stm32f1xx_it.o(i.SVC_Handler) for SVC_Handler
    startup_stm32f103x6.o(RESET) refers to stm32f1xx_it.o(i.DebugMon_Handler) for DebugMon_Handler
    startup_stm32f103x6.o(RESET) refers to stm32f1xx_it.o(i.PendSV_Handler) for PendSV_Handler
    startup_stm32f103x6.o(RESET) refers to stm32f1xx_it.o(i.SysTick_Handler) for SysTick_Handler
    startup_stm32f103x6.o(RESET) refers to stm32f1xx_it.o(i.TIM1_UP_IRQHandler) for TIM1_UP_IRQHandler
    startup_stm32f103x6.o(RESET) refers to stm32f1xx_it.o(i.I2C1_EV_IRQHandler) for I2C1_EV_IRQHandler
    startup_stm32f103x6.o(.text) refers to system_stm32f1xx.o(i.SystemInit) for SystemInit
    startup_stm32f103x6.o(.text) refers to entry.o(.ARM.Collect$$$$00000000) for __main
    main.o(i.HAL_TIM_PeriodElapsedCallback) refers to main.o(.data) for .data
    main.o(i.SystemClock_Config) refers to memseta.o(.text) for __aeabi_memclr4
    main.o(i.SystemClock_Config) refers to stm32f1xx_hal_rcc.o(i.HAL_RCC_OscConfig) for HAL_RCC_OscConfig
    main.o(i.SystemClock_Config) refers to stm32f1xx_hal_rcc.o(i.HAL_RCC_ClockConfig) for HAL_RCC_ClockConfig
    main.o(i.main) refers to stm32f1xx_hal.o(i.HAL_Init) for HAL_Init
    main.o(i.main) refers to main.o(i.SystemClock_Config) for SystemClock_Config
    main.o(i.main) refers to gpio.o(i.MX_GPIO_Init) for MX_GPIO_Init
    main.o(i.main) refers to i2c.o(i.MX_I2C1_Init) for MX_I2C1_Init
    main.o(i.main) refers to tim.o(i.MX_TIM1_Init) for MX_TIM1_Init
    main.o(i.main) refers to usart.o(i.MX_USART1_UART_Init) for MX_USART1_UART_Init
    main.o(i.main) refers to printfa.o(i.__0printf) for __2printf
    main.o(i.main) refers to bsp_mpu6050.o(i.MPU6050_Init) for MPU6050_Init
    main.o(i.main) refers to ztjs.o(i.KF_process) for KF_process
    main.o(i.main) refers to f2d.o(.text) for __aeabi_f2d
    main.o(i.main) refers to stm32f1xx_hal.o(i.HAL_Delay) for HAL_Delay
    i2c.o(i.HAL_I2C_MspDeInit) refers to stm32f1xx_hal_gpio.o(i.HAL_GPIO_DeInit) for HAL_GPIO_DeInit
    i2c.o(i.HAL_I2C_MspDeInit) refers to stm32f1xx_hal_cortex.o(i.HAL_NVIC_DisableIRQ) for HAL_NVIC_DisableIRQ
    i2c.o(i.HAL_I2C_MspInit) refers to stm32f1xx_hal_gpio.o(i.HAL_GPIO_Init) for HAL_GPIO_Init
    i2c.o(i.HAL_I2C_MspInit) refers to stm32f1xx_hal_cortex.o(i.HAL_NVIC_SetPriority) for HAL_NVIC_SetPriority
    i2c.o(i.HAL_I2C_MspInit) refers to stm32f1xx_hal_cortex.o(i.HAL_NVIC_EnableIRQ) for HAL_NVIC_EnableIRQ
    i2c.o(i.MX_I2C1_Init) refers to stm32f1xx_hal_i2c.o(i.HAL_I2C_Init) for HAL_I2C_Init
    i2c.o(i.MX_I2C1_Init) refers to main.o(i.Error_Handler) for Error_Handler
    i2c.o(i.MX_I2C1_Init) refers to i2c.o(.bss) for .bss
    usart.o(i.HAL_UART_MspDeInit) refers to stm32f1xx_hal_gpio.o(i.HAL_GPIO_DeInit) for HAL_GPIO_DeInit
    usart.o(i.HAL_UART_MspInit) refers to stm32f1xx_hal_gpio.o(i.HAL_GPIO_Init) for HAL_GPIO_Init
    usart.o(i.MX_USART1_UART_Init) refers to stm32f1xx_hal_uart.o(i.HAL_UART_Init) for HAL_UART_Init
    usart.o(i.MX_USART1_UART_Init) refers to main.o(i.Error_Handler) for Error_Handler
    usart.o(i.MX_USART1_UART_Init) refers to usart.o(.bss) for .bss
    usart.o(i.fgetc) refers to stm32f1xx_hal_uart.o(i.HAL_UART_Receive) for HAL_UART_Receive
    usart.o(i.fgetc) refers to usart.o(.bss) for .bss
    usart.o(i.fputc) refers to stm32f1xx_hal_uart.o(i.HAL_UART_Transmit) for HAL_UART_Transmit
    usart.o(i.fputc) refers to usart.o(.bss) for .bss
    stm32f1xx_it.o(i.I2C1_EV_IRQHandler) refers to stm32f1xx_hal_i2c.o(i.HAL_I2C_EV_IRQHandler) for HAL_I2C_EV_IRQHandler
    stm32f1xx_it.o(i.I2C1_EV_IRQHandler) refers to i2c.o(.bss) for hi2c1
    stm32f1xx_it.o(i.SysTick_Handler) refers to stm32f1xx_hal.o(i.HAL_IncTick) for HAL_IncTick
    stm32f1xx_it.o(i.TIM1_UP_IRQHandler) refers to stm32f1xx_hal_tim.o(i.HAL_TIM_IRQHandler) for HAL_TIM_IRQHandler
    stm32f1xx_it.o(i.TIM1_UP_IRQHandler) refers to tim.o(.bss) for htim1
    tim.o(i.HAL_TIM_Base_MspDeInit) refers to stm32f1xx_hal_cortex.o(i.HAL_NVIC_DisableIRQ) for HAL_NVIC_DisableIRQ
    tim.o(i.HAL_TIM_Base_MspInit) refers to stm32f1xx_hal_cortex.o(i.HAL_NVIC_SetPriority) for HAL_NVIC_SetPriority
[...]
    ../Drivers/STM32F1xx_HAL_Driver/Src/stm32f1xx_hal_tim.c 0x00000000   Number         0  stm32f1xx_hal_tim.o ABSOLUTE
    ../Drivers/STM32F1xx_HAL_Driver/Src/stm32f1xx_hal_tim_ex.c 0x00000000   Number         0  stm32f1xx_hal_tim_ex.o ABSOLUTE
    ../Drivers/STM32F1xx_HAL_Driver/Src/stm32f1xx_hal_uart.c 0x00000000   Number         0  stm32f1xx_hal_uart.o ABSOLUTE
    ../clib/microlib/division.c              0x00000000   Number         0  uldiv.o ABSOLUTE
    ../clib/microlib/division.c              0x00000000   Number         0  uidiv.o ABSOLUTE
    ../clib/microlib/division.c              0x00000000   Number         0  ldiv.o ABSOLUTE
    ../clib/microlib/errno.c                 0x00000000   Number         0  errno.o ABSOLUTE
    ../clib/microlib/init/entry.s            0x00000000   Number         0  entry8b.o ABSOLUTE
    ../clib/microlib/init/entry.s            0x00000000   Number         0  entry9a.o ABSOLUTE
    ../clib/microlib/init/entry.s            0x00000000   Number         0  entry9b.o ABSOLUTE
    ../clib/microlib/init/entry.s            0x00000000   Number         0  entry10a.o ABSOLUTE
    ../clib/microlib/init/entry.s            0x00000000   Number         0  entry11a.o ABSOLUTE
    ../clib/microlib/init/entry.s            0x00000000   Number         0  entry11b.o ABSOLUTE
    ../clib/microlib/init/entry.s            0x00000000   Number         0  entry.o ABSOLUTE
    ../clib/microlib/init/entry.s            0x00000000   Number         0  entry10b.o ABSOLUTE
    ../clib/microlib/init/entry.s            0x00000000   Number         0  entry2.o ABSOLUTE
    ../clib/microlib/init/entry.s            0x00000000   Number         0  entry5.o ABSOLUTE
    ../clib/microlib/init/entry.s            0x00000000   Number         0  entry7a.o ABSOLUTE
    ../clib/microlib/init/entry.s            0x00000000   Number         0  entry7b.o ABSOLUTE
    ../clib/microlib/init/entry.s            0x00000000   Number         0  entry8a.o ABSOLUTE
    ../clib/microlib/longlong.c              0x00000000   Number         0  llushr.o ABSOLUTE
    ../clib/microlib/longlong.c              0x00000000   Number         0  llshl.o ABSOLUTE
    ../clib/microlib/longlong.c              0x00000000   Number         0  llsshr.o ABSOLUTE
    ../clib/microlib/printf/printf.c         0x00000000   Number         0  printf3.o ABSOLUTE
    ../clib/microlib/printf/printf.c         0x00000000   Number         0  printf4.o ABSOLUTE
    ../clib/microlib/printf/printf.c         0x00000000   Number         0  printf2.o ABSOLUTE
    ../clib/microlib/printf/printf.c         0x00000000   Number         0  printf1.o ABSOLUTE
    ../clib/microlib/printf/printf.c         0x00000000   Number         0  printf5.o ABSOLUTE
    ../clib/microlib/printf/printf.c         0x00000000   Number         0  printfa.o ABSOLUTE
    ../clib/microlib/printf/printf.c         0x00000000   Number         0  printf8.o ABSOLUTE
    ../clib/microlib/printf/printf.c         0x00000000   Number         0  printf7.o ABSOLUTE
    ../clib/microlib/printf/printf.c         0x00000000   Number         0  printf6.o ABSOLUTE
    ../clib/microlib/printf/printf.c         0x00000000   Number         0  printfb.o ABSOLUTE
    ../clib/microlib/printf/printf.c         0x00000000   Number         0  printf0.o ABSOLUTE
    ../clib/microlib/printf/stubs.s          0x00000000   Number         0  stubs.o ABSOLUTE
    ../clib/microlib/stdio/streams.c         0x00000000   Number         0  stdout.o ABSOLUTE
    ../clib/microlib/string/memcmp.c         0x00000000   Number         0  memcmp.o ABSOLUTE
    ../clib/microlib/string/memset.c         0x00000000   Number         0  memseta.o ABSOLUTE
    ../clib/microlib/stubs.s                 0x00000000   Number         0  iusefp.o ABSOLUTE
    ../fplib/microlib/d2f.c                  0x00000000   Number         0  d2f.o ABSOLUTE
    ../fplib/microlib/f2d.c                  0x00000000   Number         0  f2d.o ABSOLUTE
    ../fplib/microlib/fpadd.c                0x00000000   Number         0  fadd.o ABSOLUTE
    ../fplib/microlib/fpadd.c                0x00000000   Number         0  dadd.o ABSOLUTE
    ../fplib/microlib/fpdiv.c                0x00000000   Number         0  fdiv.o ABSOLUTE
    ../fplib/microlib/fpdiv.c                0x00000000   Number         0  ddiv.o ABSOLUTE
    ../fplib/microlib/fpepilogue.c           0x00000000   Number         0  fepilogue.o ABSOLUTE
    ../fplib/microlib/fpepilogue.c           0x00000000   Number         0  depilogue.o ABSOLUTE
    ../fplib/microlib/fpfix.c                0x00000000   Number         0  dfixul.o ABSOLUTE
    ../fplib/microlib/fpfix.c                0x00000000   Number         0  ffixui.o ABSOLUTE
    ../fplib/microlib/fpfix.c                0x00000000   Number         0  ffixi.o ABSOLUTE
    ../fplib/microlib/fpfix.c                0x00000000   Number         0  dfixi.o ABSOLUTE
    ../fplib/microlib/fpflt.c                0x00000000   Number         0  dflti.o ABSOLUTE
    ../fplib/microlib/fpflt.c                0x00000000   Number         0  dfltui.o ABSOLUTE
    ../fplib/microlib/fpflt.c                0x00000000   Number         0  fflti.o ABSOLUTE
    ../fplib/microlib/fpflt.c                0x00000000   Number         0  ffltui.o ABSOLUTE
    ../fplib/microlib/fpmul.c                0x00000000   Number         0  fmul.o ABSOLUTE
    ../fplib/microlib/fpmul.c                0x00000000   Number         0  dmul.o ABSOLUTE
    ../fplib/microlib/fpscalb.c              0x00000000   Number         0  fscalb.o ABSOLUTE
    ../fplib/microlib/fpscalb.c              0x00000000   Number         0  dscalb.o ABSOLUTE
    ../fplib/microlib/fpsqrt.c               0x00000000   Number         0  dsqrt.o ABSOLUTE
    ../mathlib/asin.c                        0x00000000   Number         0  asin.o ABSOLUTE
    ../mathlib/asin.c                        0x00000000   Number         0  asin_x.o ABSOLUTE
    ../mathlib/atan.c                        0x00000000   Number         0  atan_x.o ABSOLUTE
    ../mathlib/atan.c                        0x00000000   Number         0  atan.o ABSOLUTE
    ../mathlib/atan2.c                       0x00000000   Number         0  atan2_x.o ABSOLUTE
    ../mathlib/atan2.c                       0x00000000   Number         0  atan2.o ABSOLUTE
    ../mathlib/cos.c                         0x00000000   Number         0  cos_x.o ABSOLUTE
    ../mathlib/cos.c                         0x00000000   Number         0  cos.o ABSOLUTE
    ../mathlib/cos_i.c                       0x00000000   Number         0  cos_i.o ABSOLUTE
    ../mathlib/dunder.c                      0x00000000   Number         0  dunder.o ABSOLUTE
    ../mathlib/fpclassify.c                  0x00000000   Number         0  fpclassify.o ABSOLUTE
    ../mathlib/poly.c                        0x00000000   Number         0  poly.o ABSOLUTE
    ../mathlib/pow.c                         0x00000000   Number         0  pow.o ABSOLUTE
    ../mathlib/pow.c                         0x00000000   Number         0  pow_x.o ABSOLUTE
    ../mathlib/qnan.c                        0x00000000   Number         0  qnan.o ABSOLUTE
    ../mathlib/rred.c                        0x00000000   Number         0  rred.o ABSOLUTE
    ../mathlib/sin.c                         0x00000000   Number         0  sin_x.o ABSOLUTE
    ../mathlib/sin.c                         0x00000000   Number         0  sin.o ABSOLUTE
    ../mathlib/sin_i.c                       0x00000000   Number         0  sin_i_x.o ABSOLUTE
    ../mathlib/sin_i.c                       0x00000000   Number         0  sin_i.o ABSOLUTE
    ../mathlib/sqrt.c                        0x00000000   Number         0  sqrt.o ABSOLUTE
    ../mathlib/sqrt.c                        0x00000000   Number         0  sqrt_x.o ABSOLUTE
    ..\Core\Src\gpio.c                       0x00000000   Number         0  gpio.o ABSOLUTE
    ..\Core\Src\i2c.c                        0x00000000   Number         0  i2c.o ABSOLUTE
    ..\Core\Src\main.c                       0x00000000   Number         0  main.o ABSOLUTE
    ..\Core\Src\stm32f1xx_hal_msp.c          0x00000000   Number         0  stm32f1xx_hal_msp.o ABSOLUTE
    ..\Core\Src\stm32f1xx_it.c               0x00000000   Number         0  stm32f1xx_it.o ABSOLUTE
    ..\Core\Src\system_stm32f1xx.c           0x00000000   Number         0  system_stm32f1xx.o ABSOLUTE
    ..\Core\Src\tim.c                        0x00000000   Number         0  tim.o ABSOLUTE
    ..\Core\Src\usart.c                      0x00000000   Number         0  usart.o ABSOLUTE
    ..\DMP\inv_mpu.c                         0x00000000   Number         0  inv_mpu.o ABSOLUTE
    ..\DMP\inv_mpu_dmp_motion_driver.c       0x00000000   Number         0  inv_mpu_dmp_motion_driver.o ABSOLUTE
    ..\Drivers\STM32F1xx_HAL_Driver\Src\stm32f1xx_hal.c 0x00000000   Number         0  stm32f1xx_hal.o ABSOLUTE
    ..\Drivers\STM32F1xx_HAL_Driver\Src\stm32f1xx_hal_cortex.c 0x00000000   Number         0  stm32f1xx_hal_cortex.o ABSOLUTE
    ..\Drivers\STM32F1xx_HAL_Driver\Src\stm32f1xx_hal_dma.c 0x00000000   Number         0  stm32f1xx_hal_dma.o ABSOLUTE
    ..\Drivers\STM32F1xx_HAL_Driver\Src\stm32f1xx_hal_exti.c 0x00000000   Number         0  stm32f1xx_hal_exti.o ABSOLUTE
    ..\Drivers\STM32F1xx_HAL_Driver\Src\stm32f1xx_hal_flash.c 0x00000000   Number         0  stm32f1xx_hal_flash.o ABSOLUTE
    ..\Drivers\STM32F1xx_HAL_Driver\Src\stm32f1xx_hal_flash_ex.c 0x00000000   Number         0  stm32f1xx_hal_flash_ex.o ABSOLUTE
    ..\Drivers\STM32F1xx_HAL_Driver\Src\stm32f1xx_hal_gpio.c 0x00000000   Number         0  stm32f1xx_hal_gpio.o ABSOLUTE
    ..\Drivers\STM32F1xx_HAL_Driver\Src\stm32f1xx_hal_gpio_ex.c 0x00000000   Number         0  stm32f1xx_hal_gpio_ex.o ABSOLUTE
    ..\Drivers\STM32F1xx_HAL_Driver\Src\stm32f1xx_hal_i2c.c 0x00000000   Number         0  stm32f1xx_hal_i2c.o ABSOLUTE
    ..\Drivers\STM32F1xx_HAL_Driver\Src\stm32f1xx_hal_pwr.c 0x00000000   Number         0  stm32f1xx_hal_pwr.o ABSOLUTE
    ..\Drivers\STM32F1xx_HAL_Driver\Src\stm32f1xx_hal_rcc.c 0x00000000   Number         0  stm32f1xx_hal_rcc.o ABSOLUTE
    ..\Drivers\STM32F1xx_HAL_Driver\Src\stm32f1xx_hal_rcc_ex.c 0x00000000   Number         0  stm32f1xx_hal_rcc_ex.o ABSOLUTE
    ..\Drivers\STM32F1xx_HAL_Driver\Src\stm32f1xx_hal_tim.c 0x00000000   Number         0  stm32f1xx_hal_tim.o ABSOLUTE
    ..\Drivers\STM32F1xx_HAL_Driver\Src\stm32f1xx_hal_tim_ex.c 0x00000000   Number         0  stm32f1xx_hal_tim_ex.o ABSOLUTE
    ..\Drivers\STM32F1xx_HAL_Driver\Src\stm32f1xx_hal_uart.c 0x00000000   Number         0  stm32f1xx_hal_uart.o ABSOLUTE
    ..\MPU6050\bsp_MPU6050.c                 0x00000000   Number         0  bsp_mpu6050.o ABSOLUTE
    ..\ZTJS\ZTJS.c                           0x00000000   Number         0  ztjs.o ABSOLUTE
    ..\\Core\\Src\\tim.c                     0x00000000   Number         0  tim.o ABSOLUTE
    ..\\DMP\\inv_mpu.c                       0x00000000   Number         0  inv_mpu.o ABSOLUTE
    ..\\DMP\\inv_mpu_dmp_motion_driver.c     0x00000000   Number         0  inv_mpu_dmp_motion_driver.o ABSOLUTE
    ..\\MPU6050\\bsp_MPU6050.c               0x00000000   Number         0  bsp_mpu6050.o ABSOLUTE
    ..\\ZTJS\\ZTJS.c                         0x00000000   Number         0  ztjs.o ABSOLUTE
    ..\\oled\\bsp_oled.c                     0x00000000   Number         0  bsp_oled.o ABSOLUTE
    ..\oled\bsp_oled.c                       0x00000000   Number         0  bsp_oled.o ABSOLUTE
    cdcmple.s                                0x00000000   Number         0  cdcmple.o ABSOLUTE
    cdrcmple.s                               0x00000000   Number         0  cdrcmple.o ABSOLUTE
    dc.s                                     0x00000000   Number         0  dc.o ABSOLUTE
    handlers.s                               0x00000000   Number         0  handlers.o ABSOLUTE
    init.s                                   0x00000000   Number         0  init.o ABSOLUTE
    startup_stm32f103x6.s                    0x00000000   Number         0  startup_stm32f103x6.o ABSOLUTE
    RESET                                    0x08000000   Section      236  startup_stm32f103x6.o(RESET)
    .ARM.Collect$$$$00000000                 0x080000ec   Section        0  entry.o(.ARM.Collect$$$$00000000)
    .ARM.Collect$$$$00000001                 0x080000ec   Section        4  entry2.o(.ARM.Collect$$$$00000001)
    .ARM.Collect$$$$00000004                 0x080000f0   Section        4  entry5.o(.ARM.Collect$$$$00000004)
    .ARM.Collect$$$$00000008                 0x080000f4   Section        0  entry7b.o(.ARM.Collect$$$$00000008)
    .ARM.Collect$$$$0000000A                 0x080000f4   Section        0  entry8b.o(.ARM.Collect$$$$0000000A)
    .ARM.Collect$$$$0000000B                 0x080000f4   Section        8  entry9a.o(.ARM.Collect$$$$0000000B)
    .ARM.Collect$$$$0000000D                 0x080000fc   Section        0  entry10a.o(.ARM.Collect$$$$0000000D)
    .ARM.Collect$$$$0000000F                 0x080000fc   Section        0  entry11a.o(.ARM.Collect$$$$0000000F)
    .ARM.Collect$$$$00002712                 0x080000fc   Section        4  entry2.o(.ARM.Collect$$$$00002712)
    __lit__00000000                          0x080000fc   Data           4  entry2.o(.ARM.Collect$$$$00002712)
    .text                                    0x08000100   Section       36  startup_stm32f103x6.o(.text)
    .text                                    0x08000124   Section        0  llushr.o(.text)
    .text                                    0x08000144   Section        0  memseta.o(.text)
    .text                                    0x08000168   Section        0  fadd.o(.text)
    .text                                    0x08000218   Section        0  fmul.o(.text)
    .text                                    0x0800027c   Section        0  fdiv.o(.text)
    .text                                    0x080002f8   Section        0  dadd.o(.text)
    .text                                    0x08000446   Section        0  dmul.o(.text)
    .text                                    0x0800052a   Section        0  ddiv.o(.text)
    .text                                    0x08000608   Section        0  fflti.o(.text)
    .text                                    0x0800061a   Section        0  ffltui.o(.text)
    .text                                    0x08000624   Section        0  dflti.o(.text)
    .text                                    0x08000646   Section        0  f2d.o(.text)
    .text                                    0x0800066c   Section        0  d2f.o(.text)
    .text                                    0x080006a4   Section        0  uidiv.o(.text)
    .text                                    0x080006d0   Section        0  uldiv.o(.text)
    .text                                    0x08000732   Section        0  llshl.o(.text)
    .text                                    0x08000750   Section        0  llsshr.o(.text)
    .text                                    0x08000774   Section        0  fepilogue.o(.text)
    .text                                    0x08000774   Section        0  iusefp.o(.text)
    .text                                    0x080007e2   Section        0  depilogue.o(.text)
    .text                                    0x0800089c   Section        0  dscalb.o(.text)
    .text                                    0x080008ca   Section        0  dsqrt.o(.text)
    .text                                    0x0800096c   Section        0  dfixul.o(.text)
    .text                                    0x0800099c   Section       48  cdrcmple.o(.text)
    .text                                    0x080009cc   Section       36  init.o(.text)
    .text                                    0x080009f0   Section        0  dfltui.o(.text)
    .text                                    0x08000a0a   Section        0  dfixi.o(.text)
    i.BusFault_Handler                       0x08000a48   Section        0  stm32f1xx_it.o(i.BusFault_Handler)
    i.DebugMon_Handler                       0x08000a4a   Section        0  stm32f1xx_it.o(i.DebugMon_Handler)
    i.Error_Handler                          0x08000a4c   Section        0  main.o(i.Error_Handler)
    i.HAL_DMA_Abort_IT                       0x08000a50   Section        0  stm32f1xx_hal_dma.o(i.HAL_DMA_Abort_IT)
    i.HAL_DMA_GetState                       0x08000ae8   Section        0  stm32f1xx_hal_dma.o(i.HAL_DMA_GetState)
    i.HAL_Delay                              0x08000af0   Section        0  stm32f1xx_hal.o(i.HAL_Delay)
    i.HAL_GPIO_Init                          0x08000b14   Section        0  stm32f1xx_hal_gpio.o(i.HAL_GPIO_Init)
    i.HAL_GetTick                            0x08000cd4   Section        0  stm32f1xx_hal.o(i.HAL_GetTick)
    i.HAL_I2C_AbortCpltCallback              0x08000ce0   Section        0  stm32f1xx_hal_i2c.o(i.HAL_I2C_AbortCpltCallback)
    i.HAL_I2C_AddrCallback                   0x08000ce2   Section        0  stm32f1xx_hal_i2c.o(i.HAL_I2C_AddrCallback)
    i.HAL_I2C_EV_IRQHandler                  0x08000ce4   Section        0  stm32f1xx_hal_i2c.o(i.HAL_I2C_EV_IRQHandler)
    i.HAL_I2C_ErrorCallback                  0x08000f14   Section        0  stm32f1xx_hal_i2c.o(i.HAL_I2C_ErrorCallback)
    i.HAL_I2C_Init                           0x08000f18   Section        0  stm32f1xx_hal_i2c.o(i.HAL_I2C_Init)
    i.HAL_I2C_ListenCpltCallback             0x080010a0   Section        0  stm32f1xx_hal_i2c.o(i.HAL_I2C_ListenCpltCallback)
    i.HAL_I2C_MasterRxCpltCallback           0x080010a2   Section        0  stm32f1xx_hal_i2c.o(i.HAL_I2C_MasterRxCpltCallback)
    i.HAL_I2C_MasterTxCpltCallback           0x080010a4   Section        0  stm32f1xx_hal_i2c.o(i.HAL_I2C_MasterTxCpltCallback)
    i.HAL_I2C_MemRxCpltCallback              0x080010a6   Section        0  stm32f1xx_hal_i2c.o(i.HAL_I2C_MemRxCpltCallback)
    i.HAL_I2C_MemTxCpltCallback              0x080010a8   Section        0  stm32f1xx_hal_i2c.o(i.HAL_I2C_MemTxCpltCallback)
    i.HAL_I2C_Mem_Read                       0x080010ac   Section        0  stm32f1xx_hal_i2c.o(i.HAL_I2C_Mem_Read)
    i.HAL_I2C_Mem_Write                      0x080012fc   Section        0  stm32f1xx_hal_i2c.o(i.HAL_I2C_Mem_Write)
    i.HAL_I2C_MspInit                        0x0800142c   Section        0  i2c.o(i.HAL_I2C_MspInit)
    i.HAL_I2C_SlaveRxCpltCallback            0x080014ac   Section        0  stm32f1xx_hal_i2c.o(i.HAL_I2C_SlaveRxCpltCallback)
    i.HAL_I2C_SlaveTxCpltCallback            0x080014ae   Section        0  stm32f1xx_hal_i2c.o(i.HAL_I2C_SlaveTxCpltCallback)
    i.HAL_IncTick                            0x080014b0   Section        0  stm32f1xx_hal.o(i.HAL_IncTick)
    i.HAL_Init                               0x080014c0   Section        0  stm32f1xx_hal.o(i.HAL_Init)
    i.HAL_InitTick                           0x080014e4   Section        0  stm32f1xx_hal.o(i.HAL_InitTick)
    i.HAL_MspInit                            0x08001524   Section        0  stm32f1xx_hal_msp.o(i.HAL_MspInit)
    i.HAL_NVIC_EnableIRQ                     0x08001560   Section        0  stm32f1xx_hal_cortex.o(i.HAL_NVIC_EnableIRQ)
    i.HAL_NVIC_SetPriority                   0x0800157c   Section        0  stm32f1xx_hal_cortex.o(i.HAL_NVIC_SetPriority)
    i.HAL_NVIC_SetPriorityGrouping           0x080015bc   Section        0  stm32f1xx_hal_cortex.o(i.HAL_NVIC_SetPriorityGrouping)
    i.HAL_RCC_ClockConfig                    0x080015e0   Section        0  stm32f1xx_hal_rcc.o(i.HAL_RCC_ClockConfig)
    i.HAL_RCC_GetPCLK1Freq                   0x0800170c   Section        0  stm32f1xx_hal_rcc.o(i.HAL_RCC_GetPCLK1Freq)
    i.HAL_RCC_GetPCLK2Freq                   0x0800172c   Section        0  stm32f1xx_hal_rcc.o(i.HAL_RCC_GetPCLK2Freq)
    i.HAL_RCC_GetSysClockFreq                0x0800174c   Section        0  stm32f1xx_hal_rcc.o(i.HAL_RCC_GetSysClockFreq)
    i.HAL_RCC_OscConfig                      0x080017b8   Section        0  stm32f1xx_hal_rcc.o(i.HAL_RCC_OscConfig)
    i.HAL_SYSTICK_Config                     0x08001ad8   Section        0  stm32f1xx_hal_cortex.o(i.HAL_SYSTICK_Config)
    i.HAL_TIMEx_BreakCallback                0x08001b00   Section        0  stm32f1xx_hal_tim_ex.o(i.HAL_TIMEx_BreakCallback)
    i.HAL_TIMEx_CommutCallback               0x08001b02   Section        0  stm32f1xx_hal_tim_ex.o(i.HAL_TIMEx_CommutCallback)
    i.HAL_TIMEx_MasterConfigSynchronization  0x08001b04   Section        0  stm32f1xx_hal_tim_ex.o(i.HAL_TIMEx_MasterConfigSynchronization)
    i.HAL_TIM_Base_Init                      0x08001b64   Section        0  stm32f1xx_hal_tim.o(i.HAL_TIM_Base_Init)
    i.HAL_TIM_Base_MspInit                   0x08001bc0   Section        0  tim.o(i.HAL_TIM_Base_MspInit)
    i.HAL_TIM_Base_Start_IT                  0x08001bfc   Section        0  stm32f1xx_hal_tim.o(i.HAL_TIM_Base_Start_IT)
    i.HAL_TIM_Base_Stop                      0x08001c4c   Section        0  stm32f1xx_hal_tim.o(i.HAL_TIM_Base_Stop)
    i.HAL_TIM_ConfigClockSource              0x08001c72   Section        0  stm32f1xx_hal_tim.o(i.HAL_TIM_ConfigClockSource)
    i.HAL_TIM_IC_CaptureCallback             0x08001d48   Section        0  stm32f1xx_hal_tim.o(i.HAL_TIM_IC_CaptureCallback)
    i.HAL_TIM_IRQHandler                     0x08001d4a   Section        0  stm32f1xx_hal_tim.o(i.HAL_TIM_IRQHandler)
    i.HAL_TIM_OC_DelayElapsedCallback        0x08001eb0   Section        0  stm32f1xx_hal_tim.o(i.HAL_TIM_OC_DelayElapsedCallback)
    i.HAL_TIM_PWM_PulseFinishedCallback      0x08001eb2   Section        0  stm32f1xx_hal_tim.o(i.HAL_TIM_PWM_PulseFinishedCallback)
    i.HAL_TIM_PeriodElapsedCallback          0x08001eb4   Section        0  main.o(i.HAL_TIM_PeriodElapsedCallback)
    i.HAL_TIM_TriggerCallback                0x08001ed0   Section        0  stm32f1xx_hal_tim.o(i.HAL_TIM_TriggerCallback)
    i.HAL_UART_Init                          0x08001ed2   Section        0  stm32f1xx_hal_uart.o(i.HAL_UART_Init)
    i.HAL_UART_MspInit                       0x08001f34   Section        0  usart.o(i.HAL_UART_MspInit)
    i.HAL_UART_Transmit                      0x08001fa4   Section        0  stm32f1xx_hal_uart.o(i.HAL_UART_Transmit)
    i.HardFault_Handler                      0x08002056   Section        0  stm32f1xx_it.o(i.HardFault_Handler)
    i.I2C1_EV_IRQHandler                     0x08002058   Section        0  stm32f1xx_it.o(i.I2C1_EV_IRQHandler)
    i.I2C_DMAAbort                           0x08002064   Section        0  stm32f1xx_hal_i2c.o(i.I2C_DMAAbort)
    I2C_DMAAbort                             0x08002065   Thumb Code   182  stm32f1xx_hal_i2c.o(i.I2C_DMAAbort)
    i.I2C_ITError                            0x08002120   Section        0  stm32f1xx_hal_i2c.o(i.I2C_ITError)
    I2C_ITError                              0x08002121   Thumb Code   336  stm32f1xx_hal_i2c.o(i.I2C_ITError)
    i.I2C_IsAcknowledgeFailed                0x08002278   Section        0  stm32f1xx_hal_i2c.o(i.I2C_IsAcknowledgeFailed)
    I2C_IsAcknowledgeFailed                  0x08002279   Thumb Code    46  stm32f1xx_hal_i2c.o(i.I2C_IsAcknowledgeFailed)
    i.I2C_MasterReceive_BTF                  0x080022a6   Section        0  stm32f1xx_hal_i2c.o(i.I2C_MasterReceive_BTF)
    I2C_MasterReceive_BTF                    0x080022a7   Thumb Code   210  stm32f1xx_hal_i2c.o(i.I2C_MasterReceive_BTF)
    i.I2C_MasterReceive_RXNE                 0x08002378   Section        0  stm32f1xx_hal_i2c.o(i.I2C_MasterReceive_RXNE)
    I2C_MasterReceive_RXNE                   0x08002379   Thumb Code   228  stm32f1xx_hal_i2c.o(i.I2C_MasterReceive_RXNE)
    i.I2C_MasterTransmit_BTF                 0x08002460   Section        0  stm32f1xx_hal_i2c.o(i.I2C_MasterTransmit_BTF)
    I2C_MasterTransmit_BTF                   0x08002461   Thumb Code   130  stm32f1xx_hal_i2c.o(i.I2C_MasterTransmit_BTF)
    i.I2C_MasterTransmit_TXE                 0x080024e4   Section        0  stm32f1xx_hal_i2c.o(i.I2C_MasterTransmit_TXE)
    I2C_MasterTransmit_TXE                   0x080024e5   Thumb Code   182  stm32f1xx_hal_i2c.o(i.I2C_MasterTransmit_TXE)
    i.I2C_Master_ADDR                        0x0800259c   Section        0  stm32f1xx_hal_i2c.o(i.I2C_Master_ADDR)
    I2C_Master_ADDR                          0x0800259d   Thumb Code   340  stm32f1xx_hal_i2c.o(i.I2C_Master_ADDR)
    i.I2C_Master_SB                          0x080026f4   Section        0  stm32f1xx_hal_i2c.o(i.I2C_Master_SB)
    I2C_Master_SB                            0x080026f5   Thumb Code   140  stm32f1xx_hal_i2c.o(i.I2C_Master_SB)
    i.I2C_MemoryTransmit_TXE_BTF             0x08002780   Section        0  stm32f1xx_hal_i2c.o(i.I2C_MemoryTransmit_TXE_BTF)
    I2C_MemoryTransmit_TXE_BTF               0x08002781   Thumb Code   160  stm32f1xx_hal_i2c.o(i.I2C_MemoryTransmit_TXE_BTF)
    i.I2C_RequestMemoryRead                  0x08002820   Section        0  stm32f1xx_hal_i2c.o(i.I2C_RequestMemoryRead)
    I2C_RequestMemoryRead                    0x08002821   Thumb Code   246  stm32f1xx_hal_i2c.o(i.I2C_RequestMemoryRead)
    i.I2C_RequestMemoryWrite                 0x0800291c   Section        0  stm32f1xx_hal_i2c.o(i.I2C_RequestMemoryWrite)
    I2C_RequestMemoryWrite                   0x0800291d   Thumb Code   162  stm32f1xx_hal_i2c.o(i.I2C_RequestMemoryWrite)
    i.I2C_Slave_ADDR                         0x080029c4   Section        0  stm32f1xx_hal_i2c.o(i.I2C_Slave_ADDR)
    I2C_Slave_ADDR                           0x080029c5   Thumb Code    70  stm32f1xx_hal_i2c.o(i.I2C_Slave_ADDR)
    i.I2C_Slave_STOPF                        0x08002a0c   Section        0  stm32f1xx_hal_i2c.o(i.I2C_Slave_STOPF)
    I2C_Slave_STOPF                          0x08002a0d   Thumb Code   338  stm32f1xx_hal_i2c.o(i.I2C_Slave_STOPF)
    i.I2C_WaitOnBTFFlagUntilTimeout          0x08002b68   Section        0  stm32f1xx_hal_i2c.o(i.I2C_WaitOnBTFFlagUntilTimeout)
    I2C_WaitOnBTFFlagUntilTimeout            0x08002b69   Thumb Code    76  stm32f1xx_hal_i2c.o(i.I2C_WaitOnBTFFlagUntilTimeout)
    i.I2C_WaitOnFlagUntilTimeout             0x08002bb4   Section        0  stm32f1xx_hal_i2c.o(i.I2C_WaitOnFlagUntilTimeout)
    I2C_WaitOnFlagUntilTimeout               0x08002bb5   Thumb Code   104  stm32f1xx_hal_i2c.o(i.I2C_WaitOnFlagUntilTimeout)
    i.I2C_WaitOnMasterAddressFlagUntilTimeout 0x08002c1c   Section        0  stm32f1xx_hal_i2c.o(i.I2C_WaitOnMasterAddressFlagUntilTimeout)
    I2C_WaitOnMasterAddressFlagUntilTimeout  0x08002c1d   Thumb Code   150  stm32f1xx_hal_i2c.o(i.I2C_WaitOnMasterAddressFlagUntilTimeout)
    i.I2C_WaitOnRXNEFlagUntilTimeout         0x08002cb2   Section        0  stm32f1xx_hal_i2c.o(i.I2C_WaitOnRXNEFlagUntilTimeout)
    I2C_WaitOnRXNEFlagUntilTimeout           0x08002cb3   Thumb Code   102  stm32f1xx_hal_i2c.o(i.I2C_WaitOnRXNEFlagUntilTimeout)
    i.I2C_WaitOnTXEFlagUntilTimeout          0x08002d18   Section        0  stm32f1xx_hal_i2c.o(i.I2C_WaitOnTXEFlagUntilTimeout)
    I2C_WaitOnTXEFlagUntilTimeout            0x08002d19   Thumb Code    76  stm32f1xx_hal_i2c.o(i.I2C_WaitOnTXEFlagUntilTimeout)
    i.KF_process                             0x08002d64   Section        0  ztjs.o(i.KF_process)
    i.MPU6050ReadAcc                         0x0800304c   Section        0  bsp_mpu6050.o(i.MPU6050ReadAcc)
    i.MPU6050ReadGyro                        0x08003074   Section        0  bsp_mpu6050.o(i.MPU6050ReadGyro)
    i.MPU6050_Init                           0x0800309c   Section        0  bsp_mpu6050.o(i.MPU6050_Init)
    i.MPU6050_ReadData                       0x080030d8   Section        0  bsp_mpu6050.o(i.MPU6050_ReadData)
    i.MPU6050_WriteReg                       0x080030f4   Section        0  bsp_mpu6050.o(i.MPU6050_WriteReg)
    i.MX_GPIO_Init                           0x08003118   Section        0  gpio.o(i.MX_GPIO_Init)
    i.MX_I2C1_Init                           0x08003164   Section        0  i2c.o(i.MX_I2C1_Init)
    i.MX_TIM1_Init                           0x080031a4   Section        0  tim.o(i.MX_TIM1_Init)
    i.MX_USART1_UART_Init                    0x08003210   Section        0  usart.o(i.MX_USART1_UART_Init)
    i.MemManage_Handler                      0x08003248   Section        0  stm32f1xx_it.o(i.MemManage_Handler)
    i.NMI_Handler                            0x0800324a   Section        0  stm32f1xx_it.o(i.NMI_Handler)
    i.PendSV_Handler                         0x0800324c   Section        0  stm32f1xx_it.o(i.PendSV_Handler)
    i.SVC_Handler                            0x0800324e   Section        0  stm32f1xx_it.o(i.SVC_Handler)
    i.SysTick_Handler                        0x08003250   Section        0  stm32f1xx_it.o(i.SysTick_Handler)
    i.SystemClock_Config                     0x08003254   Section        0  main.o(i.SystemClock_Config)
    i.SystemInit                             0x080032b2   Section        0  system_stm32f1xx.o(i.SystemInit)
    i.TIM1_UP_IRQHandler                     0x080032b4   Section        0  stm32f1xx_it.o(i.TIM1_UP_IRQHandler)
    i.TIM_Base_SetConfig                     0x080032c0   Section        0  stm32f1xx_hal_tim.o(i.TIM_Base_SetConfig)
    i.TIM_ETR_SetConfig                      0x0800331c   Section        0  stm32f1xx_hal_tim.o(i.TIM_ETR_SetConfig)
    i.TIM_ITRx_SetConfig                     0x08003330   Section        0  stm32f1xx_hal_tim.o(i.TIM_ITRx_SetConfig)
    TIM_ITRx_SetConfig                       0x08003331   Thumb Code    16  stm32f1xx_hal_tim.o(i.TIM_ITRx_SetConfig)
    i.TIM_TI1_ConfigInputStage               0x08003340   Section        0  stm32f1xx_hal_tim.o(i.TIM_TI1_ConfigInputStage)
    TIM_TI1_ConfigInputStage                 0x08003341   Thumb Code    34  stm32f1xx_hal_tim.o(i.TIM_TI1_ConfigInputStage)
    i.TIM_TI2_ConfigInputStage               0x08003362   Section        0  stm32f1xx_hal_tim.o(i.TIM_TI2_ConfigInputStage)
    TIM_TI2_ConfigInputStage                 0x08003363   Thumb Code    36  stm32f1xx_hal_tim.o(i.TIM_TI2_ConfigInputStage)
    i.UART_SetConfig                         0x08003388   Section        0  stm32f1xx_hal_uart.o(i.UART_SetConfig)
    UART_SetConfig                           0x08003389   Thumb Code   178  stm32f1xx_hal_uart.o(i.UART_SetConfig)
    i.UART_WaitOnFlagUntilTimeout            0x08003440   Section        0  stm32f1xx_hal_uart.o(i.UART_WaitOnFlagUntilTimeout)
    UART_WaitOnFlagUntilTimeout              0x08003441   Thumb Code   100  stm32f1xx_hal_uart.o(i.UART_WaitOnFlagUntilTimeout)
    i.UsageFault_Handler                     0x080034a4   Section        0  stm32f1xx_it.o(i.UsageFault_Handler)
    i.__0printf                              0x080034a8   Section        0  printfa.o(i.__0printf)
    i.__ARM_fpclassify                       0x080034c8   Section        0  fpclassify.o(i.__ARM_fpclassify)
    i.__NVIC_SetPriority                     0x080034f0   Section        0  stm32f1xx_hal_cortex.o(i.__NVIC_SetPriority)
    __NVIC_SetPriority                       0x080034f1   Thumb Code    32  stm32f1xx_hal_cortex.o(i.__NVIC_SetPriority)
    i.__ieee754_rem_pio2                     0x08003510   Section        0  rred.o(i.__ieee754_rem_pio2)
    i.__kernel_cos                           0x08003898   Section        0  cos_i.o(i.__kernel_cos)
    i.__kernel_poly                          0x08003994   Section        0  poly.o(i.__kernel_poly)
    i.__kernel_sin                           0x08003a40   Section        0  sin_i.o(i.__kernel_sin)
    i.__mathlib_dbl_divzero                  0x08003b2c   Section        0  dunder.o(i.__mathlib_dbl_divzero)
    i.__mathlib_dbl_infnan                   0x08003b3c   Section        0  dunder.o(i.__mathlib_dbl_infnan)
    i.__mathlib_dbl_infnan2                  0x08003b42   Section        0  dunder.o(i.__mathlib_dbl_infnan2)
    i.__mathlib_dbl_invalid                  0x08003b46   Section        0  dunder.o(i.__mathlib_dbl_invalid)
    i.__mathlib_dbl_overflow                 0x08003b52   Section        0  dunder.o(i.__mathlib_dbl_overflow)
    i.__mathlib_dbl_underflow                0x08003b60   Section        0  dunder.o(i.__mathlib_dbl_underflow)
    i.__scatterload_copy                     0x08003b70   Section       14  handlers.o(i.__scatterload_copy)
    i.__scatterload_null                     0x08003b7e   Section        2  handlers.o(i.__scatterload_null)
    i.__scatterload_zeroinit                 0x08003b80   Section       14  handlers.o(i.__scatterload_zeroinit)
    i.__set_errno                            0x08003b90   Section        0  errno.o(i.__set_errno)
    i._fp_digits                             0x08003b9c   Section        0  printfa.o(i._fp_digits)
    _fp_digits                               0x08003b9d   Thumb Code   366  printfa.o(i._fp_digits)
    i._printf_core                           0x08003d20   Section        0  printfa.o(i._printf_core)
    _printf_core                             0x08003d21   Thumb Code  1744  printfa.o(i._printf_core)
    i._printf_post_padding                   0x080043fc   Section        0  printfa.o(i._printf_post_padding)
    _printf_post_padding                     0x080043fd   Thumb Code    36  printfa.o(i._printf_post_padding)
    i._printf_pre_padding                    0x08004420   Section        0  printfa.o(i._printf_pre_padding)
    _printf_pre_padding                      0x08004421   Thumb Code    46  printfa.o(i._printf_pre_padding)
    i.atan                                   0x08004450   Section        0  atan.o(i.atan)
    i.cos                                    0x08004670   Section        0  cos.o(i.cos)
    i.dt_calculate_end                       0x0800470c   Section        0  ztjs.o(i.dt_calculate_end)
    i.fputc                                  0x08004740   Section        0  usart.o(i.fputc)
    i.main                                   0x08004758   Section        0  main.o(i.main)
    i.pow                                    0x080047d8   Section        0  pow.o(i.pow)
    i.sin                                    0x080051b0   Section        0  sin.o(i.sin)
    i.sqrt                                   0x08005250   Section        0  sqrt.o(i.sqrt)
    .constdata                               0x0800529c   Section       16  system_stm32f1xx.o(.constdata)
    .constdata                               0x080052ac   Section        8  system_stm32f1xx.o(.constdata)
    .constdata                               0x080052b8   Section      152  atan.o(.constdata)
    atanhi                                   0x080052b8   Data          32  atan.o(.constdata)
    atanlo                                   0x080052d8   Data          32  atan.o(.constdata)
    aTodd                                    0x080052f8   Data          40  atan.o(.constdata)
    aTeven                                   0x08005320   Data          48  atan.o(.constdata)
    .constdata                               0x08005350   Section      136  pow.o(.constdata)
    bp                                       0x08005350   Data          16  pow.o(.constdata)
    dp_h                                     0x08005360   Data          16  pow.o(.constdata)
    dp_l                                     0x08005370   Data          16  pow.o(.constdata)
    L                                        0x08005380   Data          48  pow.o(.constdata)
    P                                        0x080053b0   Data          40  pow.o(.constdata)
    .constdata                               0x080053d8   Section       48  cos_i.o(.constdata)
    C                                        0x080053d8   Data          48  cos_i.o(.constdata)
    .constdata                               0x08005408   Section        8  qnan.o(.constdata)
    .constdata                               0x08005410   Section      200  rred.o(.constdata)
    pio2s                                    0x08005410   Data          48  rred.o(.constdata)
    twooverpi                                0x08005440   Data         152  rred.o(.constdata)
    .constdata                               0x080054d8   Section       40  sin_i.o(.constdata)
    S                                        0x080054d8   Data          40  sin_i.o(.constdata)
    .data                                    0x20000000   Section        2  main.o(.data)
    .data                                    0x20000004   Section       12  stm32f1xx_hal.o(.data)
    .data                                    0x20000010   Section        4  system_stm32f1xx.o(.data)
    .data                                    0x20000014   Section       84  ztjs.o(.data)
    .data                                    0x20000068   Section        4  stdout.o(.data)
    .data                                    0x2000006c   Section        4  errno.o(.data)
    _errno                                   0x2000006c   Data           4  errno.o(.data)
    .bss                                     0x20000070   Section       84  i2c.o(.bss)
    .bss                                     0x200000c4   Section       68  usart.o(.bss)
    .bss                                     0x20000108   Section       72  tim.o(.bss)
    .bss                                     0x20000150   Section       16  ztjs.o(.bss)
    STACK                                    0x20000160   Section     1024  startup_stm32f103x6.o(STACK)

    Global Symbols

    Symbol Name                              Value     Ov Type        Size  Object(Section)

    BuildAttributes$$THM_ISAv4$P$D$K$B$S$PE$A:L22UL41UL21$X:L11$S22US41US21$IEEE1$IW$USESV6$~STKCKD$USESV7$~SHL$OTIME$ROPI$IEEEX$EBA8$MICROLIB$REQ8$PRES8$EABIv2 0x00000000   Number         0  anon$$obj.o ABSOLUTE
    __ARM_use_no_argv                        0x00000000   Number         0  main.o ABSOLUTE
    _printf_a                                0x00000000   Number         0  stubs.o ABSOLUTE
    _printf_c                                0x00000000   Number         0  stubs.o ABSOLUTE
    _printf_charcount                        0x00000000   Number         0  stubs.o ABSOLUTE
    _printf_d                                0x00000000   Number         0  stubs.o ABSOLUTE
    _printf_e                                0x00000000   Number         0  stubs.o ABSOLUTE
    _printf_f                                0x00000000   Number         0  stubs.o ABSOLUTE
    _printf_flags                            0x00000000   Number         0  stubs.o ABSOLUTE
    _printf_fp_dec                           0x00000000   Number         0  stubs.o ABSOLUTE
    _printf_fp_hex                           0x00000000   Number         0  stubs.o ABSOLUTE
    _printf_g                                0x00000000   Number         0  stubs.o ABSOLUTE
    _printf_i                                0x00000000   Number         0  stubs.o ABSOLUTE
    _printf_int_dec                          0x00000000   Number         0  stubs.o ABSOLUTE
    _printf_l                                0x00000000   Number         0  stubs.o ABSOLUTE
    _printf_lc                               0x00000000   Number         0  stubs.o ABSOLUTE
    _printf_ll                               0x00000000   Number         0  stubs.o ABSOLUTE
    _printf_lld                              0x00000000   Number         0  stubs.o ABSOLUTE
    _printf_lli                              0x00000000   Number         0  stubs.o ABSOLUTE
    _printf_llo                              0x00000000   Number         0  stubs.o ABSOLUTE
    _printf_llu                              0x00000000   Number         0  stubs.o ABSOLUTE
    _printf_llx                              0x00000000   Number         0  stubs.o ABSOLUTE
    _printf_longlong_dec                     0x00000000   Number         0  stubs.o ABSOLUTE
    _printf_longlong_hex                     0x00000000   Number         0  stubs.o ABSOLUTE
    _printf_longlong_oct                     0x00000000   Number         0  stubs.o ABSOLUTE
    _printf_ls                               0x00000000   Number         0  stubs.o ABSOLUTE
    _printf_mbtowc                           0x00000000   Number         0  stubs.o ABSOLUTE
    _printf_n                                0x00000000   Number         0  stubs.o ABSOLUTE
    _printf_o                                0x00000000   Number         0  stubs.o ABSOLUTE
    _printf_p                                0x00000000   Number         0  stubs.o ABSOLUTE
    _printf_percent                          0x00000000   Number         0  stubs.o ABSOLUTE
    _printf_pre_padding                      0x00000000   Number         0  stubs.o ABSOLUTE
    _printf_return_value                     0x00000000   Number         0  stubs.o ABSOLUTE
    _printf_s                                0x00000000   Number         0  stubs.o ABSOLUTE
    _printf_sizespec                         0x00000000   Number         0  stubs.o ABSOLUTE
    _printf_str                              0x00000000   Number         0  stubs.o ABSOLUTE
    _printf_truncate_signed                  0x00000000   Number         0  stubs.o ABSOLUTE
    _printf_truncate_unsigned                0x00000000   Number         0  stubs.o ABSOLUTE
    _printf_u                                0x00000000   Number         0  stubs.o ABSOLUTE
    _printf_wc                               0x00000000   Number         0  stubs.o ABSOLUTE
    _printf_wctomb                           0x00000000   Number         0  stubs.o ABSOLUTE
    _printf_widthprec                        0x00000000   Number         0  stubs.o ABSOLUTE
    _printf_x                                0x00000000   Number         0  stubs.o ABSOLUTE
    __cpp_initialize__aeabi_                  - Undefined Weak Reference
    __cxa_finalize                            - Undefined Weak Reference
    __decompress                              - Undefined Weak Reference
    _clock_init                               - Undefined Weak Reference
    _microlib_exit                            - Undefined Weak Reference
    __Vectors_Size                           0x000000ec   Number         0  startup_stm32f103x6.o ABSOLUTE
    __Vectors                                0x08000000   Data           4  startup_stm32f103x6.o(RESET)
    __Vectors_End                            0x080000ec   Data           0  startup_stm32f103x6.o(RESET)
    __main                                   0x080000ed   Thumb Code     0  entry.o(.ARM.Collect$$$$00000000)
    _main_stk                                0x080000ed   Thumb Code     0  entry2.o(.ARM.Collect$$$$00000001)
    _main_scatterload                        0x080000f1   Thumb Code     0  entry5.o(.ARM.Collect$$$$00000004)
    __main_after_scatterload                 0x080000f5   Thumb Code     0  entry5.o(.ARM.Collect$$$$00000004)
    _main_clock                              0x080000f5   Thumb Code     0  entry7b.o(.ARM.Collect$$$$00000008)
    _main_cpp_init                           0x080000f5   Thumb Code     0  entry8b.o(.ARM.Collect$$$$0000000A)
    _main_init                               0x080000f5   Thumb Code     0  entry9a.o(.ARM.Collect$$$$0000000B)
    __rt_final_cpp                           0x080000fd   Thumb Code     0  entry10a.o(.ARM.Collect$$$$0000000D)
    __rt_final_exit                          0x080000fd   Thumb Code     0  entry11a.o(.ARM.Collect$$$$0000000F)
    Reset_Handler                            0x08000101   Thumb Code     8  startup_stm32f103x6.o(.text)
    ADC1_2_IRQHandler                        0x0800011b   Thumb Code     0  startup_stm32f103x6.o(.text)
    CAN1_RX1_IRQHandler                      0x0800011b   Thumb Code     0  startup_stm32f103x6.o(.text)
    CAN1_SCE_IRQHandler                      0x0800011b   Thumb Code     0  startup_stm32f103x6.o(.text)
    DMA1_Channel1_IRQHandler                 0x0800011b   Thumb Code     0  startup_stm32f103x6.o(.text)
    DMA1_Channel2_IRQHandler                 0x0800011b   Thumb Code     0  startup_stm32f103x6.o(.text)
    DMA1_Channel3_IRQHandler                 0x0800011b   Thumb Code     0  startup_stm32f103x6.o(.text)
    DMA1_Channel4_IRQHandler                 0x0800011b   Thumb Code     0  startup_stm32f103x6.o(.text)
    DMA1_Channel5_IRQHandler                 0x0800011b   Thumb Code     0  startup_stm32f103x6.o(.text)
    DMA1_Channel6_IRQHandler                 0x0800011b   Thumb Code     0  startup_stm32f103x6.o(.text)
    DMA1_Channel7_IRQHandler                 0x0800011b   Thumb Code     0  startup_stm32f103x6.o(.text)
    EXTI0_IRQHandler                         0x0800011b   Thumb Code     0  startup_stm32f103x6.o(.text)
    EXTI15_10_IRQHandler                     0x0800011b   Thumb Code     0  startup_stm32f103x6.o(.text)
    EXTI1_IRQHandler                         0x0800011b   Thumb Code     0  startup_stm32f103x6.o(.text)
    EXTI2_IRQHandler                         0x0800011b   Thumb Code     0  startup_stm32f103x6.o(.text)
    EXTI3_IRQHandler                         0x0800011b   Thumb Code     0  startup_stm32f103x6.o(.text)
    EXTI4_IRQHandler                         0x0800011b   Thumb Code     0  startup_stm32f103x6.o(.text)
    EXTI9_5_IRQHandler                       0x0800011b   Thumb Code     0  startup_stm32f103x6.o(.text)
    FLASH_IRQHandler                         0x0800011b   Thumb Code     0  startup_stm32f103x6.o(.text)
    I2C1_ER_IRQHandler                       0x0800011b   Thumb Code     0  startup_stm32f103x6.o(.text)
    PVD_IRQHandler                           0x0800011b   Thumb Code     0  startup_stm32f103x6.o(.text)
    RCC_IRQHandler                           0x0800011b   Thumb Code     0  startup_stm32f103x6.o(.text)
    RTC_Alarm_IRQHandler                     0x0800011b   Thumb Code     0  startup_stm32f103x6.o(.text)
    RTC_IRQHandler                           0x0800011b   Thumb Code     0  startup_stm32f103x6.o(.text)
    SPI1_IRQHandler                          0x0800011b   Thumb Code     0  startup_stm32f103x6.o(.text)
    TAMPER_IRQHandler                        0x0800011b   Thumb Code     0  startup_stm32f103x6.o(.text)
    TIM1_BRK_IRQHandler                      0x0800011b   Thumb Code     0  startup_stm32f103x6.o(.text)
    TIM1_CC_IRQHandler                       0x0800011b   Thumb Code     0  startup_stm32f103x6.o(.text)
    TIM1_TRG_COM_IRQHandler                  0x0800011b   Thumb Code     0  startup_stm32f103x6.o(.text)
    TIM2_IRQHandler                          0x0800011b   Thumb Code     0  startup_stm32f103x6.o(.text)
    TIM3_IRQHandler                          0x0800011b   Thumb Code     0  startup_stm32f103x6.o(.text)
    USART1_IRQHandler                        0x0800011b   Thumb Code     0  startup_stm32f103x6.o(.text)
    USART2_IRQHandler                        0x0800011b   Thumb Code     0  startup_stm32f103x6.o(.text)
    USBWakeUp_IRQHandler                     0x0800011b   Thumb Code     0  startup_stm32f103x6.o(.text)
    USB_HP_CAN1_TX_IRQHandler                0x0800011b   Thumb Code     0  startup_stm32f103x6.o(.text)
    USB_LP_CAN1_RX0_IRQHandler               0x0800011b   Thumb Code     0  startup_stm32f103x6.o(.text)
    WWDG_IRQHandler                          0x0800011b   Thumb Code     0  startup_stm32f103x6.o(.text)
    __aeabi_llsr                             0x08000125   Thumb Code    32  llushr.o(.text)
    _ll_ushift_r                             0x08000125   Thumb Code     0  llushr.o(.text)
    __aeabi_memset                           0x08000145   Thumb Code    14  memseta.o(.text)
    __aeabi_memset4                          0x08000145   Thumb Code     0  memseta.o(.text)
    __aeabi_memset8                          0x08000145   Thumb Code     0  memseta.o(.text)
    __aeabi_memclr                           0x08000153   Thumb Code     4  memseta.o(.text)
    __aeabi_memclr4                          0x08000153   Thumb Code     0  memseta.o(.text)
    __aeabi_memclr8                          0x08000153   Thumb Code     0  memseta.o(.text)
    _memset$wrapper                          0x08000157   Thumb Code    18  memseta.o(.text)
    __aeabi_fadd                             0x08000169   Thumb Code   164  fadd.o(.text)
    __aeabi_fsub                             0x0800020d   Thumb Code     6  fadd.o(.text)
    __aeabi_frsub                            0x08000213   Thumb Code     6  fadd.o(.text)
    __aeabi_fmul                             0x08000219   Thumb Code   100  fmul.o(.text)
    __aeabi_fdiv                             0x0800027d   Thumb Code   124  fdiv.o(.text)
    __aeabi_dadd                             0x080002f9   Thumb Code   322  dadd.o(.text)
    __aeabi_dsub                             0x0800043b   Thumb Code     6  dadd.o(.text)
    __aeabi_drsub                            0x08000441   Thumb Code     6  dadd.o(.text)
    __aeabi_dmul                             0x08000447   Thumb Code   228  dmul.o(.text)
    __aeabi_ddiv                             0x0800052b   Thumb Code   222  ddiv.o(.text)
    __aeabi_i2f                              0x08000609   Thumb Code    18  fflti.o(.text)
    __aeabi_ui2f                             0x0800061b   Thumb Code    10  ffltui.o(.text)
    __aeabi_i2d                              0x08000625   Thumb Code    34  dflti.o(.text)
    __aeabi_f2d                              0x08000647   Thumb Code    38  f2d.o(.text)
    __aeabi_d2f                              0x0800066d   Thumb Code    56  d2f.o(.text)
    __aeabi_uidiv                            0x080006a5   Thumb Code     0  uidiv.o(.text)
    __aeabi_uidivmod                         0x080006a5   Thumb Code    44  uidiv.o(.text)
    __aeabi_uldivmod                         0x080006d1   Thumb Code    98  uldiv.o(.text)
    __aeabi_llsl                             0x08000733   Thumb Code    30  llshl.o(.text)
    _ll_shift_l                              0x08000733   Thumb Code     0  llshl.o(.text)
    __aeabi_lasr                             0x08000751   Thumb Code    36  llsshr.o(.text)
    _ll_sshift_r                             0x08000751   Thumb Code     0  llsshr.o(.text)
    __I$use$fp                               0x08000775   Thumb Code     0  iusefp.o(.text)
    _float_round                             0x08000775   Thumb Code    18  fepilogue.o(.text)
    _float_epilogue                          0x08000787   Thumb Code    92  fepilogue.o(.text)
    _double_round                            0x080007e3   Thumb Code    30  depilogue.o(.text)
    _double_epilogue                         0x08000801   Thumb Code   156  depilogue.o(.text)
    __ARM_scalbn                             0x0800089d   Thumb Code    46  dscalb.o(.text)
    scalbn                                   0x0800089d   Thumb Code     0  dscalb.o(.text)
    _dsqrt                                   0x080008cb   Thumb Code   162  dsqrt.o(.text)
    __aeabi_d2ulz                            0x0800096d   Thumb Code    48  dfixul.o(.text)
    __aeabi_cdrcmple                         0x0800099d   Thumb Code    48  cdrcmple.o(.text)
    __scatterload                            0x080009cd   Thumb Code    28  init.o(.text)
    __scatterload_rt2                        0x080009cd   Thumb Code     0  init.o(.text)
    __aeabi_ui2d                             0x080009f1   Thumb Code    26  dfltui.o(.text)
    __aeabi_d2iz                             0x08000a0b   Thumb Code    62  dfixi.o(.text)
    BusFault_Handler                         0x08000a49   Thumb Code     2  stm32f1xx_it.o(i.BusFault_Handler)
    DebugMon_Handler                         0x08000a4b   Thumb Code     2  stm32f1xx_it.o(i.DebugMon_Handler)
    Error_Handler                            0x08000a4d   Thumb Code     4  main.o(i.Error_Handler)
    HAL_DMA_Abort_IT                         0x08000a51   Thumb Code   148  stm32f1xx_hal_dma.o(i.HAL_DMA_Abort_IT)
    HAL_DMA_GetState                         0x08000ae9   Thumb Code     6  stm32f1xx_hal_dma.o(i.HAL_DMA_GetState)
    HAL_Delay                                0x08000af1   Thumb Code    32  stm32f1xx_hal.o(i.HAL_Delay)
    HAL_GPIO_Init                            0x08000b15   Thumb Code   418  stm32f1xx_hal_gpio.o(i.HAL_GPIO_Init)
    HAL_GetTick                              0x08000cd5   Thumb Code     6  stm32f1xx_hal.o(i.HAL_GetTick)
    HAL_I2C_AbortCpltCallback                0x08000ce1   Thumb Code     2  stm32f1xx_hal_i2c.o(i.HAL_I2C_AbortCpltCallback)
    HAL_I2C_AddrCallback                     0x08000ce3   Thumb Code     2  stm32f1xx_hal_i2c.o(i.HAL_I2C_AddrCallback)
    HAL_I2C_EV_IRQHandler                    0x08000ce5   Thumb Code   560  stm32f1xx_hal_i2c.o(i.HAL_I2C_EV_IRQHandler)
    HAL_I2C_ErrorCallback                    0x08000f15   Thumb Code     2  stm32f1xx_hal_i2c.o(i.HAL_I2C_ErrorCallback)
    HAL_I2C_Init                             0x08000f19   Thumb Code   376  stm32f1xx_hal_i2c.o(i.HAL_I2C_Init)
    HAL_I2C_ListenCpltCallback               0x080010a1   Thumb Code     2  stm32f1xx_hal_i2c.o(i.HAL_I2C_ListenCpltCallback)
    HAL_I2C_MasterRxCpltCallback             0x080010a3   Thumb Code     2  stm32f1xx_hal_i2c.o(i.HAL_I2C_MasterRxCpltCallback)
    HAL_I2C_MasterTxCpltCallback             0x080010a5   Thumb Code     2  stm32f1xx_hal_i2c.o(i.HAL_I2C_MasterTxCpltCallback)
    HAL_I2C_MemRxCpltCallback                0x080010a7   Thumb Code     2  stm32f1xx_hal_i2c.o(i.HAL_I2C_MemRxCpltCallback)
    HAL_I2C_MemTxCpltCallback                0x080010a9   Thumb Code     2  stm32f1xx_hal_i2c.o(i.HAL_I2C_MemTxCpltCallback)
    HAL_I2C_Mem_Read                         0x080010ad   Thumb Code   574  stm32f1xx_hal_i2c.o(i.HAL_I2C_Mem_Read)
    HAL_I2C_Mem_Write                        0x080012fd   Thumb Code   294  stm32f1xx_hal_i2c.o(i.HAL_I2C_Mem_Write)
    HAL_I2C_MspInit                          0x0800142d   Thumb Code   112  i2c.o(i.HAL_I2C_MspInit)
    HAL_I2C_SlaveRxCpltCallback              0x080014ad   Thumb Code     2  stm32f1xx_hal_i2c.o(i.HAL_I2C_SlaveRxCpltCallback)
    HAL_I2C_SlaveTxCpltCallback              0x080014af   Thumb Code     2  stm32f1xx_hal_i2c.o(i.HAL_I2C_SlaveTxCpltCallback)
    HAL_IncTick                              0x080014b1   Thumb Code    12  stm32f1xx_hal.o(i.HAL_IncTick)
    HAL_Init                                 0x080014c1   Thumb Code    32  stm32f1xx_hal.o(i.HAL_Init)
    HAL_InitTick                             0x080014e5   Thumb Code    54  stm32f1xx_hal.o(i.HAL_InitTick)
    HAL_MspInit                              0x08001525   Thumb Code    52  stm32f1xx_hal_msp.o(i.HAL_MspInit)
    HAL_NVIC_EnableIRQ                       0x08001561   Thumb Code    26  stm32f1xx_hal_cortex.o(i.HAL_NVIC_EnableIRQ)
    HAL_NVIC_SetPriority                     0x0800157d   Thumb Code    60  stm32f1xx_hal_cortex.o(i.HAL_NVIC_SetPriority)
    HAL_NVIC_SetPriorityGrouping             0x080015bd   Thumb Code    26  stm32f1xx_hal_cortex.o(i.HAL_NVIC_SetPriorityGrouping)
    HAL_RCC_ClockConfig                      0x080015e1   Thumb Code   280  stm32f1xx_hal_rcc.o(i.HAL_RCC_ClockConfig)
    HAL_RCC_GetPCLK1Freq                     0x0800170d   Thumb Code    20  stm32f1xx_hal_rcc.o(i.HAL_RCC_GetPCLK1Freq)
    HAL_RCC_GetPCLK2Freq                     0x0800172d   Thumb Code    20  stm32f1xx_hal_rcc.o(i.HAL_RCC_GetPCLK2Freq)
    HAL_RCC_GetSysClockFreq                  0x0800174d   Thumb Code    74  stm32f1xx_hal_rcc.o(i.HAL_RCC_GetSysClockFreq)
    HAL_RCC_OscConfig                        0x080017b9   Thumb Code   778  stm32f1xx_hal_rcc.o(i.HAL_RCC_OscConfig)
    HAL_SYSTICK_Config                       0x08001ad9   Thumb Code    40  stm32f1xx_hal_cortex.o(i.HAL_SYSTICK_Config)
    HAL_TIMEx_BreakCallback                  0x08001b01   Thumb Code     2  stm32f1xx_hal_tim_ex.o(i.HAL_TIMEx_BreakCallback)
    HAL_TIMEx_CommutCallback                 0x08001b03   Thumb Code     2  stm32f1xx_hal_tim_ex.o(i.HAL_TIMEx_CommutCallback)
    HAL_TIMEx_MasterConfigSynchronization    0x08001b05   Thumb Code    86  stm32f1xx_hal_tim_ex.o(i.HAL_TIMEx_MasterConfigSynchronization)
    HAL_TIM_Base_Init                        0x08001b65   Thumb Code    90  stm32f1xx_hal_tim.o(i.HAL_TIM_Base_Init)
    HAL_TIM_Base_MspInit                     0x08001bc1   Thumb Code    50  tim.o(i.HAL_TIM_Base_MspInit)
    HAL_TIM_Base_Start_IT                    0x08001bfd   Thumb Code    70  stm32f1xx_hal_tim.o(i.HAL_TIM_Base_Start_IT)
    HAL_TIM_Base_Stop                        0x08001c4d   Thumb Code    38  stm32f1xx_hal_tim.o(i.HAL_TIM_Base_Stop)
    HAL_TIM_ConfigClockSource                0x08001c73   Thumb Code   214  stm32f1xx_hal_tim.o(i.HAL_TIM_ConfigClockSource)
    HAL_TIM_IC_CaptureCallback               0x08001d49   Thumb Code     2  stm32f1xx_hal_tim.o(i.HAL_TIM_IC_CaptureCallback)
    HAL_TIM_IRQHandler                       0x08001d4b   Thumb Code   358  stm32f1xx_hal_tim.o(i.HAL_TIM_IRQHandler)
    HAL_TIM_OC_DelayElapsedCallback          0x08001eb1   Thumb Code     2  stm32f1xx_hal_tim.o(i.HAL_TIM_OC_DelayElapsedCallback)
    HAL_TIM_PWM_PulseFinishedCallback        0x08001eb3   Thumb Code     2  stm32f1xx_hal_tim.o(i.HAL_TIM_PWM_PulseFinishedCallback)
    HAL_TIM_PeriodElapsedCallback            0x08001eb5   Thumb Code    18  main.o(i.HAL_TIM_PeriodElapsedCallback)
    HAL_TIM_TriggerCallback                  0x08001ed1   Thumb Code     2  stm32f1xx_hal_tim.o(i.HAL_TIM_TriggerCallback)
    HAL_UART_Init                            0x08001ed3   Thumb Code    98  stm32f1xx_hal_uart.o(i.HAL_UART_Init)
    HAL_UART_MspInit                         0x08001f35   Thumb Code   100  usart.o(i.HAL_UART_MspInit)
    HAL_UART_Transmit                        0x08001fa5   Thumb Code   178  stm32f1xx_hal_uart.o(i.HAL_UART_Transmit)
    HardFault_Handler                        0x08002057   Thumb Code     2  stm32f1xx_it.o(i.HardFault_Handler)
    I2C1_EV_IRQHandler                       0x08002059   Thumb Code     6  stm32f1xx_it.o(i.I2C1_EV_IRQHandler)
    KF_process                               0x08002d65   Thumb Code   716  ztjs.o(i.KF_process)
    MPU6050ReadAcc                           0x0800304d   Thumb Code    40  bsp_mpu6050.o(i.MPU6050ReadAcc)
    MPU6050ReadGyro                          0x08003075   Thumb Code    40  bsp_mpu6050.o(i.MPU6050ReadGyro)
    MPU6050_Init                             0x0800309d   Thumb Code    58  bsp_mpu6050.o(i.MPU6050_Init)
    MPU6050_ReadData                         0x080030d9   Thumb Code    24  bsp_mpu6050.o(i.MPU6050_ReadData)
    MPU6050_WriteReg                         0x080030f5   Thumb Code    32  bsp_mpu6050.o(i.MPU6050_WriteReg)
    MX_GPIO_Init                             0x08003119   Thumb Code    70  gpio.o(i.MX_GPIO_Init)
    MX_I2C1_Init                             0x08003165   Thumb Code    50  i2c.o(i.MX_I2C1_Init)
    MX_TIM1_Init                             0x080031a5   Thumb Code    98  tim.o(i.MX_TIM1_Init)
    MX_USART1_UART_Init                      0x08003211   Thumb Code    48  usart.o(i.MX_USART1_UART_Init)
    MemManage_Handler                        0x08003249   Thumb Code     2  stm32f1xx_it.o(i.MemManage_Handler)
    NMI_Handler                              0x0800324b   Thumb Code     2  stm32f1xx_it.o(i.NMI_Handler)
    PendSV_Handler                           0x0800324d   Thumb Code     2  stm32f1xx_it.o(i.PendSV_Handler)
    SVC_Handler                              0x0800324f   Thumb Code     2  stm32f1xx_it.o(i.SVC_Handler)
    SysTick_Handler                          0x08003251   Thumb Code     4  stm32f1xx_it.o(i.SysTick_Handler)
    SystemClock_Config                       0x08003255   Thumb Code    94  main.o(i.SystemClock_Config)
    SystemInit                               0x080032b3   Thumb Code     2  system_stm32f1xx.o(i.SystemInit)
    TIM1_UP_IRQHandler                       0x080032b5   Thumb Code     6  stm32f1xx_it.o(i.TIM1_UP_IRQHandler)
    TIM_Base_SetConfig                       0x080032c1   Thumb Code    84  stm32f1xx_hal_tim.o(i.TIM_Base_SetConfig)
    TIM_ETR_SetConfig                        0x0800331d   Thumb Code    20  stm32f1xx_hal_tim.o(i.TIM_ETR_SetConfig)
    UsageFault_Handler                       0x080034a5   Thumb Code     2  stm32f1xx_it.o(i.UsageFault_Handler)
    __0printf                                0x080034a9   Thumb Code    22  printfa.o(i.__0printf)
    __1printf                                0x080034a9   Thumb Code     0  printfa.o(i.__0printf)
    __2printf                                0x080034a9   Thumb Code     0  printfa.o(i.__0printf)
    __c89printf                              0x080034a9   Thumb Code     0  printfa.o(i.__0printf)
    printf                                   0x080034a9   Thumb Code     0  printfa.o(i.__0printf)
    __ARM_fpclassify                         0x080034c9   Thumb Code    40  fpclassify.o(i.__ARM_fpclassify)
    __ieee754_rem_pio2                       0x08003511   Thumb Code   828  rred.o(i.__ieee754_rem_pio2)
    __kernel_cos                             0x08003899   Thumb Code   230  cos_i.o(i.__kernel_cos)
    __kernel_poly                            0x08003995   Thumb Code   170  poly.o(i.__kernel_poly)
    __kernel_sin                             0x08003a41   Thumb Code   224  sin_i.o(i.__kernel_sin)
    __mathlib_dbl_divzero                    0x08003b2d   Thumb Code    12  dunder.o(i.__mathlib_dbl_divzero)
    __mathlib_dbl_infnan                     0x08003b3d   Thumb Code     6  dunder.o(i.__mathlib_dbl_infnan)
    __mathlib_dbl_infnan2                    0x08003b43   Thumb Code     4  dunder.o(i.__mathlib_dbl_infnan2)
    __mathlib_dbl_invalid                    0x08003b47   Thumb Code    12  dunder.o(i.__mathlib_dbl_invalid)
    __mathlib_dbl_overflow                   0x08003b53   Thumb Code    14  dunder.o(i.__mathlib_dbl_overflow)
    __mathlib_dbl_underflow                  0x08003b61   Thumb Code    10  dunder.o(i.__mathlib_dbl_underflow)
    __scatterload_copy                       0x08003b71   Thumb Code    14  handlers.o(i.__scatterload_copy)
    __scatterload_null                       0x08003b7f   Thumb Code     2  handlers.o(i.__scatterload_null)
    __scatterload_zeroinit                   0x08003b81   Thumb Code    14  handlers.o(i.__scatterload_zeroinit)
    __set_errno                              0x08003b91   Thumb Code     6  errno.o(i.__set_errno)
    atan                                     0x08004451   Thumb Code   474  atan.o(i.atan)
    cos                                      0x08004671   Thumb Code   148  cos.o(i.cos)
    dt_calculate_end                         0x0800470d   Thumb Code    42  ztjs.o(i.dt_calculate_end)
    fputc                                    0x08004741   Thumb Code    20  usart.o(i.fputc)
    main                                     0x08004759   Thumb Code    90  main.o(i.main)
    pow                                      0x080047d9   Thumb Code  2512  pow.o(i.pow)
    sin                                      0x080051b1   Thumb Code   150  sin.o(i.sin)
    sqrt                                     0x08005251   Thumb Code    76  sqrt.o(i.sqrt)
    AHBPrescTable                            0x0800529c   Data          16  system_stm32f1xx.o(.constdata)
    APBPrescTable                            0x080052ac   Data           8  system_stm32f1xx.o(.constdata)
    __mathlib_zero                           0x08005408   Data           8  qnan.o(.constdata)
    Region$$Table$$Base                      0x08005500   Number         0  anon$$obj.o(Region$$Table)
    Region$$Table$$Limit                     0x08005520   Number         0  anon$$obj.o(Region$$Table)
    count_nth                                0x20000000   Data           2  main.o(.data)
    uwTickFreq                               0x20000004   Data           1  stm32f1xx_hal.o(.data)
    uwTickPrio                               0x20000008   Data           4  stm32f1xx_hal.o(.data)
    uwTick                                   0x2000000c   Data           4  stm32f1xx_hal.o(.data)
    SystemCoreClock                          0x20000010   Data           4  system_stm32f1xx.o(.data)
    v_roll                                   0x20000014   Data           4  ztjs.o(.data)
    v_pitch                                  0x20000018   Data           4  ztjs.o(.data)
    dt                                       0x2000001c   Data           4  ztjs.o(.data)
    gyro_roll                                0x20000020   Data           4  ztjs.o(.data)
    gyro_pitch                               0x20000024   Data           4  ztjs.o(.data)
    acc_roll                                 0x20000028   Data           4  ztjs.o(.data)
    acc_pitch                                0x2000002c   Data           4  ztjs.o(.data)
    k_roll                                   0x20000030   Data           4  ztjs.o(.data)
    k_pitch                                  0x20000034   Data           4  ztjs.o(.data)
    EP                                       0x20000038   Data          16  ztjs.o(.data)
    Q                                        0x20000048   Data          16  ztjs.o(.data)
    R                                        0x20000058   Data          16  ztjs.o(.data)
    __stdout                                 0x20000068   Data           4  stdout.o(.data)
    hi2c1                                    0x20000070   Data          84  i2c.o(.bss)
    huart1                                   0x200000c4   Data          68  usart.o(.bss)
    htim1                                    0x20000108   Data          72  tim.o(.bss)
    KK                                       0x20000150   Data          16  ztjs.o(.bss)
    __initial_sp                             0x20000560   Data           0  startup_stm32f103x6.o(STACK)



==============================================================================

Memory Map of the image

  Image Entry point : 0x080000ed

  Load Region LR_IROM1 (Base: 0x08000000, Size: 0x00005590, Max: 0x00008000, ABSOLUTE)

    Execution Region ER_IROM1 (Exec base: 0x08000000, Load base: 0x08000000, Size: 0x00005520, Max: 0x00008000, ABSOLUTE)

    Exec Addr    Load Addr    Size         Type   Attr      Idx    E Section Name        Object

    0x08000000   0x08000000   0x000000ec   Data   RO            3    RESET               startup_stm32f103x6.o
    0x080000ec   0x080000ec   0x00000000   Code   RO         4199  * .ARM.Collect$$$$00000000  mc_w.l(entry.o)
    0x080000ec   0x080000ec   0x00000004   Code   RO         4532    .ARM.Collect$$$$00000001  mc_w.l(entry2.o)
    0x080000f0   0x080000f0   0x00000004   Code   RO         4535    .ARM.Collect$$$$00000004  mc_w.l(entry5.o)
    0x080000f4   0x080000f4   0x00000000   Code   RO         4537    .ARM.Collect$$$$00000008  mc_w.l(entry7b.o)
    0x080000f4   0x080000f4   0x00000000   Code   RO         4539    .ARM.Collect$$$$0000000A  mc_w.l(entry8b.o)
    0x080000f4   0x080000f4   0x00000008   Code   RO         4540    .ARM.Collect$$$$0000000B  mc_w.l(entry9a.o)
    0x080000fc   0x080000fc   0x00000000   Code   RO         4542    .ARM.Collect$$$$0000000D  mc_w.l(entry10a.o)
    0x080000fc   0x080000fc   0x00000000   Code   RO         4544    .ARM.Collect$$$$0000000F  mc_w.l(entry11a.o)
    0x080000fc   0x080000fc   0x00000004   Code   RO         4533    .ARM.Collect$$$$00002712  mc_w.l(entry2.o)
    0x08000100   0x08000100   0x00000024   Code   RO            4    .text               startup_stm32f103x6.o
    0x08000124   0x08000124   0x00000020   Code   RO         4204    .text               mc_w.l(llushr.o)
    0x08000144   0x08000144   0x00000024   Code   RO         4206    .text               mc_w.l(memseta.o)
    0x08000168   0x08000168   0x000000b0   Code   RO         4471    .text               mf_w.l(fadd.o)
    0x08000218   0x08000218   0x00000064   Code   RO         4473    .text               mf_w.l(fmul.o)
    0x0800027c   0x0800027c   0x0000007c   Code   RO         4475    .text               mf_w.l(fdiv.o)
    0x080002f8   0x080002f8   0x0000014e   Code   RO         4479    .text               mf_w.l(dadd.o)
    0x08000446   0x08000446   0x000000e4   Code   RO         4481    .text               mf_w.l(dmul.o)
    0x0800052a   0x0800052a   0x000000de   Code   RO         4483    .text               mf_w.l(ddiv.o)
    0x08000608   0x08000608   0x00000012   Code   RO         4485    .text               mf_w.l(fflti.o)
    0x0800061a   0x0800061a   0x0000000a   Code   RO         4487    .text               mf_w.l(ffltui.o)
    0x08000624   0x08000624   0x00000022   Code   RO         4489    .text               mf_w.l(dflti.o)
    0x08000646   0x08000646   0x00000026   Code   RO         4495    .text               mf_w.l(f2d.o)
    0x0800066c   0x0800066c   0x00000038   Code   RO         4497    .text               mf_w.l(d2f.o)
    0x080006a4   0x080006a4   0x0000002c   Code   RO         4547    .text               mc_w.l(uidiv.o)
    0x080006d0   0x080006d0   0x00000062   Code   RO         4549    .text               mc_w.l(uldiv.o)
    0x08000732   0x08000732   0x0000001e   Code   RO         4551    .text               mc_w.l(llshl.o)
    0x08000750   0x08000750   0x00000024   Code   RO         4553    .text               mc_w.l(llsshr.o)
    0x08000774   0x08000774   0x00000000   Code   RO         4562    .text               mc_w.l(iusefp.o)
    0x08000774   0x08000774   0x0000006e   Code   RO         4563    .text               mf_w.l(fepilogue.o)
    0x080007e2   0x080007e2   0x000000ba   Code   RO         4565    .text               mf_w.l(depilogue.o)
    0x0800089c   0x0800089c   0x0000002e   Code   RO         4567    .text               mf_w.l(dscalb.o)
    0x080008ca   0x080008ca   0x000000a2   Code   RO         4569    .text               mf_w.l(dsqrt.o)
    0x0800096c   0x0800096c   0x00000030   Code   RO         4571    .text               mf_w.l(dfixul.o)
    0x0800099c   0x0800099c   0x00000030   Code   RO         4575    .text               mf_w.l(cdrcmple.o)
    0x080009cc   0x080009cc   0x00000024   Code   RO         4577    .text               mc_w.l(init.o)
    0x080009f0   0x080009f0   0x0000001a   Code   RO         4579    .text               mf_w.l(dfltui.o)
    0x08000a0a   0x08000a0a   0x0000003e   Code   RO         4581    .text               mf_w.l(dfixi.o)
    0x08000a48   0x08000a48   0x00000002   Code   RO          397    i.BusFault_Handler  stm32f1xx_it.o
    0x08000a4a   0x08000a4a   0x00000002   Code   RO          398    i.DebugMon_Handler  stm32f1xx_it.o
    0x08000a4c   0x08000a4c   0x00000004   Code   RO           13    i.Error_Handler     main.o
    0x08000a50   0x08000a50   0x00000098   Code   RO         1399    i.HAL_DMA_Abort_IT  stm32f1xx_hal_dma.o
    0x08000ae8   0x08000ae8   0x00000006   Code   RO         1402    i.HAL_DMA_GetState  stm32f1xx_hal_dma.o
    0x08000aee   0x08000aee   0x00000002   PAD
    0x08000af0   0x08000af0   0x00000024   Code   RO         1026    i.HAL_Delay         stm32f1xx_hal.o
    0x08000b14   0x08000b14   0x000001c0   Code   RO         1334    i.HAL_GPIO_Init     stm32f1xx_hal_gpio.o
    0x08000cd4   0x08000cd4   0x0000000c   Code   RO         1030    i.HAL_GetTick       stm32f1xx_hal.o
    0x08000ce0   0x08000ce0   0x00000002   Code   RO          587    i.HAL_I2C_AbortCpltCallback  stm32f1xx_hal_i2c.o
    0x08000ce2   0x08000ce2   0x00000002   Code   RO          588    i.HAL_I2C_AddrCallback  stm32f1xx_hal_i2c.o
    0x08000ce4   0x08000ce4   0x00000230   Code   RO          592    i.HAL_I2C_EV_IRQHandler  stm32f1xx_hal_i2c.o
    0x08000f14   0x08000f14   0x00000002   Code   RO          594    i.HAL_I2C_ErrorCallback  stm32f1xx_hal_i2c.o
    0x08000f16   0x08000f16   0x00000002   PAD
    0x08000f18   0x08000f18   0x00000188   Code   RO          598    i.HAL_I2C_Init      stm32f1xx_hal_i2c.o
    0x080010a0   0x080010a0   0x00000002   Code   RO          600    i.HAL_I2C_ListenCpltCallback  stm32f1xx_hal_i2c.o
    0x080010a2   0x080010a2   0x00000002   Code   RO          601    i.HAL_I2C_MasterRxCpltCallback  stm32f1xx_hal_i2c.o
    0x080010a4   0x080010a4   0x00000002   Code   RO          602    i.HAL_I2C_MasterTxCpltCallback  stm32f1xx_hal_i2c.o
    0x080010a6   0x080010a6   0x00000002   Code   RO          614    i.HAL_I2C_MemRxCpltCallback  stm32f1xx_hal_i2c.o
    0x080010a8   0x080010a8   0x00000002   Code   RO          615    i.HAL_I2C_MemTxCpltCallback  stm32f1xx_hal_i2c.o
    0x080010aa   0x080010aa   0x00000002   PAD
    0x080010ac   0x080010ac   0x00000250   Code   RO          616    i.HAL_I2C_Mem_Read  stm32f1xx_hal_i2c.o
    0x080012fc   0x080012fc   0x00000130   Code   RO          619    i.HAL_I2C_Mem_Write  stm32f1xx_hal_i2c.o
    0x0800142c   0x0800142c   0x00000080   Code   RO          302    i.HAL_I2C_MspInit   i2c.o
    0x080014ac   0x080014ac   0x00000002   Code   RO          624    i.HAL_I2C_SlaveRxCpltCallback  stm32f1xx_hal_i2c.o
    0x080014ae   0x080014ae   0x00000002   Code   RO          625    i.HAL_I2C_SlaveTxCpltCallback  stm32f1xx_hal_i2c.o
    0x080014b0   0x080014b0   0x00000010   Code   RO         1036    i.HAL_IncTick       stm32f1xx_hal.o
    0x080014c0   0x080014c0   0x00000024   Code   RO         1037    i.HAL_Init          stm32f1xx_hal.o
    0x080014e4   0x080014e4   0x00000040   Code   RO         1038    i.HAL_InitTick      stm32f1xx_hal.o
    0x08001524   0x08001524   0x0000003c   Code   RO          485    i.HAL_MspInit       stm32f1xx_hal_msp.o
    0x08001560   0x08001560   0x0000001a   Code   RO         1494    i.HAL_NVIC_EnableIRQ  stm32f1xx_hal_cortex.o
    0x0800157a   0x0800157a   0x00000002   PAD
    0x0800157c   0x0800157c   0x00000040   Code   RO         1500    i.HAL_NVIC_SetPriority  stm32f1xx_hal_cortex.o
    0x080015bc   0x080015bc   0x00000024   Code   RO         1501    i.HAL_NVIC_SetPriorityGrouping  stm32f1xx_hal_cortex.o
    0x080015e0   0x080015e0   0x0000012c   Code   RO         1194    i.HAL_RCC_ClockConfig  stm32f1xx_hal_rcc.o
    0x0800170c   0x0800170c   0x00000020   Code   RO         1201    i.HAL_RCC_GetPCLK1Freq  stm32f1xx_hal_rcc.o
    0x0800172c   0x0800172c   0x00000020   Code   RO         1202    i.HAL_RCC_GetPCLK2Freq  stm32f1xx_hal_rcc.o
    0x0800174c   0x0800174c   0x0000006c   Code   RO         1203    i.HAL_RCC_GetSysClockFreq  stm32f1xx_hal_rcc.o
    0x080017b8   0x080017b8   0x00000320   Code   RO         1206    i.HAL_RCC_OscConfig  stm32f1xx_hal_rcc.o
    0x08001ad8   0x08001ad8   0x00000028   Code   RO         1505    i.HAL_SYSTICK_Config  stm32f1xx_hal_cortex.o
    0x08001b00   0x08001b00   0x00000002   Code   RO         2690    i.HAL_TIMEx_BreakCallback  stm32f1xx_hal_tim_ex.o
    0x08001b02   0x08001b02   0x00000002   Code   RO         2691    i.HAL_TIMEx_CommutCallback  stm32f1xx_hal_tim_ex.o
    0x08001b04   0x08001b04   0x00000060   Code   RO         2709    i.HAL_TIMEx_MasterConfigSynchronization  stm32f1xx_hal_tim_ex.o
    0x08001b64   0x08001b64   0x0000005a   Code   RO         1986    i.HAL_TIM_Base_Init  stm32f1xx_hal_tim.o
    0x08001bbe   0x08001bbe   0x00000002   PAD
    0x08001bc0   0x08001bc0   0x0000003c   Code   RO          510    i.HAL_TIM_Base_MspInit  tim.o
    0x08001bfc   0x08001bfc   0x00000050   Code   RO         1991    i.HAL_TIM_Base_Start_IT  stm32f1xx_hal_tim.o
    0x08001c4c   0x08001c4c   0x00000026   Code   RO         1992    i.HAL_TIM_Base_Stop  stm32f1xx_hal_tim.o
    0x08001c72   0x08001c72   0x000000d6   Code   RO         1995    i.HAL_TIM_ConfigClockSource  stm32f1xx_hal_tim.o
    0x08001d48   0x08001d48   0x00000002   Code   RO         2020    i.HAL_TIM_IC_CaptureCallback  stm32f1xx_hal_tim.o
    0x08001d4a   0x08001d4a   0x00000166   Code   RO         2034    i.HAL_TIM_IRQHandler  stm32f1xx_hal_tim.o
    0x08001eb0   0x08001eb0   0x00000002   Code   RO         2037    i.HAL_TIM_OC_DelayElapsedCallback  stm32f1xx_hal_tim.o
    0x08001eb2   0x08001eb2   0x00000002   Code   RO         2064    i.HAL_TIM_PWM_PulseFinishedCallback  stm32f1xx_hal_tim.o
    0x08001eb4   0x08001eb4   0x0000001c   Code   RO           14    i.HAL_TIM_PeriodElapsedCallback  main.o
    0x08001ed0   0x08001ed0   0x00000002   Code   RO         2077    i.HAL_TIM_TriggerCallback  stm32f1xx_hal_tim.o
    0x08001ed2   0x08001ed2   0x00000062   Code   RO         2986    i.HAL_UART_Init     stm32f1xx_hal_uart.o
    0x08001f34   0x08001f34   0x00000070   Code   RO          344    i.HAL_UART_MspInit  usart.o
    0x08001fa4   0x08001fa4   0x000000b2   Code   RO         2994    i.HAL_UART_Transmit  stm32f1xx_hal_uart.o
    0x08002056   0x08002056   0x00000002   Code   RO          399    i.HardFault_Handler  stm32f1xx_it.o
    0x08002058   0x08002058   0x0000000c   Code   RO          400    i.I2C1_EV_IRQHandler  stm32f1xx_it.o
    0x08002064   0x08002064   0x000000bc   Code   RO          636    i.I2C_DMAAbort      stm32f1xx_hal_i2c.o
    0x08002120   0x08002120   0x00000158   Code   RO          639    i.I2C_ITError       stm32f1xx_hal_i2c.o
    0x08002278   0x08002278   0x0000002e   Code   RO          640    i.I2C_IsAcknowledgeFailed  stm32f1xx_hal_i2c.o
    0x080022a6   0x080022a6   0x000000d2   Code   RO          641    i.I2C_MasterReceive_BTF  stm32f1xx_hal_i2c.o
    0x08002378   0x08002378   0x000000e8   Code   RO          642    i.I2C_MasterReceive_RXNE  stm32f1xx_hal_i2c.o
    0x08002460   0x08002460   0x00000082   Code   RO          645    i.I2C_MasterTransmit_BTF  stm32f1xx_hal_i2c.o
    0x080024e2   0x080024e2   0x00000002   PAD
    0x080024e4   0x080024e4   0x000000b6   Code   RO          646    i.I2C_MasterTransmit_TXE  stm32f1xx_hal_i2c.o
    0x0800259a   0x0800259a   0x00000002   PAD
    0x0800259c   0x0800259c   0x00000158   Code   RO          647    i.I2C_Master_ADDR   stm32f1xx_hal_i2c.o
    0x080026f4   0x080026f4   0x0000008c   Code   RO          648    i.I2C_Master_SB     stm32f1xx_hal_i2c.o
    0x08002780   0x08002780   0x000000a0   Code   RO          649    i.I2C_MemoryTransmit_TXE_BTF  stm32f1xx_hal_i2c.o
    0x08002820   0x08002820   0x000000fc   Code   RO          650    i.I2C_RequestMemoryRead  stm32f1xx_hal_i2c.o
    0x0800291c   0x0800291c   0x000000a8   Code   RO          651    i.I2C_RequestMemoryWrite  stm32f1xx_hal_i2c.o
    0x080029c4   0x080029c4   0x00000046   Code   RO          652    i.I2C_Slave_ADDR    stm32f1xx_hal_i2c.o
    0x08002a0a   0x08002a0a   0x00000002   PAD
    0x08002a0c   0x08002a0c   0x0000015c   Code   RO          654    i.I2C_Slave_STOPF   stm32f1xx_hal_i2c.o
    0x08002b68   0x08002b68   0x0000004c   Code   RO          655    i.I2C_WaitOnBTFFlagUntilTimeout  stm32f1xx_hal_i2c.o
    0x08002bb4   0x08002bb4   0x00000068   Code   RO          656    i.I2C_WaitOnFlagUntilTimeout  stm32f1xx_hal_i2c.o
    0x08002c1c   0x08002c1c   0x00000096   Code   RO          657    i.I2C_WaitOnMasterAddressFlagUntilTimeout  stm32f1xx_hal_i2c.o
    0x08002cb2   0x08002cb2   0x00000066   Code   RO          658    i.I2C_WaitOnRXNEFlagUntilTimeout  stm32f1xx_hal_i2c.o
    0x08002d18   0x08002d18   0x0000004c   Code   RO          659    i.I2C_WaitOnTXEFlagUntilTimeout  stm32f1xx_hal_i2c.o
    0x08002d64   0x08002d64   0x000002e8   Code   RO         3546    i.KF_process        ztjs.o
    0x0800304c   0x0800304c   0x00000028   Code   RO         3448    i.MPU6050ReadAcc    bsp_mpu6050.o
    0x08003074   0x08003074   0x00000028   Code   RO         3449    i.MPU6050ReadGyro   bsp_mpu6050.o
    0x0800309c   0x0800309c   0x0000003a   Code   RO         3452    i.MPU6050_Init      bsp_mpu6050.o
    0x080030d6   0x080030d6   0x00000002   PAD
    0x080030d8   0x080030d8   0x0000001c   Code   RO         3453    i.MPU6050_ReadData  bsp_mpu6050.o
    0x080030f4   0x080030f4   0x00000024   Code   RO         3456    i.MPU6050_WriteReg  bsp_mpu6050.o
    0x08003118   0x08003118   0x0000004c   Code   RO          190    i.MX_GPIO_Init      gpio.o
    0x08003164   0x08003164   0x00000040   Code   RO          303    i.MX_I2C1_Init      i2c.o
    0x080031a4   0x080031a4   0x0000006c   Code   RO          511    i.MX_TIM1_Init      tim.o
    0x08003210   0x08003210   0x00000038   Code   RO          345    i.MX_USART1_UART_Init  usart.o
    0x08003248   0x08003248   0x00000002   Code   RO          401    i.MemManage_Handler  stm32f1xx_it.o
    0x0800324a   0x0800324a   0x00000002   Code   RO          402    i.NMI_Handler       stm32f1xx_it.o
    0x0800324c   0x0800324c   0x00000002   Code   RO          403    i.PendSV_Handler    stm32f1xx_it.o
    0x0800324e   0x0800324e   0x00000002   Code   RO          404    i.SVC_Handler       stm32f1xx_it.o
    0x08003250   0x08003250   0x00000004   Code   RO          405    i.SysTick_Handler   stm32f1xx_it.o
    0x08003254   0x08003254   0x0000005e   Code   RO           15    i.SystemClock_Config  main.o
    0x080032b2   0x080032b2   0x00000002   Code   RO         3315    i.SystemInit        system_stm32f1xx.o
    0x080032b4   0x080032b4   0x0000000c   Code   RO          406    i.TIM1_UP_IRQHandler  stm32f1xx_it.o
    0x080032c0   0x080032c0   0x0000005c   Code   RO         2079    i.TIM_Base_SetConfig  stm32f1xx_hal_tim.o
    0x0800331c   0x0800331c   0x00000014   Code   RO         2090    i.TIM_ETR_SetConfig  stm32f1xx_hal_tim.o
    0x08003330   0x08003330   0x00000010   Code   RO         2091    i.TIM_ITRx_SetConfig  stm32f1xx_hal_tim.o
    0x08003340   0x08003340   0x00000022   Code   RO         2097    i.TIM_TI1_ConfigInputStage  stm32f1xx_hal_tim.o
    0x08003362   0x08003362   0x00000024   Code   RO         2099    i.TIM_TI2_ConfigInputStage  stm32f1xx_hal_tim.o
    0x08003386   0x08003386   0x00000002   PAD
    0x08003388   0x08003388   0x000000b8   Code   RO         3012    i.UART_SetConfig    stm32f1xx_hal_uart.o
    0x08003440   0x08003440   0x00000064   Code   RO         3015    i.UART_WaitOnFlagUntilTimeout  stm32f1xx_hal_uart.o
    0x080034a4   0x080034a4   0x00000002   Code   RO          407    i.UsageFault_Handler  stm32f1xx_it.o
    0x080034a6   0x080034a6   0x00000002   PAD
    0x080034a8   0x080034a8   0x00000020   Code   RO         4443    i.__0printf         mc_w.l(printfa.o)
    0x080034c8   0x080034c8   0x00000028   Code   RO         4516    i.__ARM_fpclassify  m_ws.l(fpclassify.o)
    0x080034f0   0x080034f0   0x00000020   Code   RO         1507    i.__NVIC_SetPriority  stm32f1xx_hal_cortex.o
    0x08003510   0x08003510   0x00000388   Code   RO         4521    i.__ieee754_rem_pio2  m_ws.l(rred.o)
    0x08003898   0x08003898   0x000000fc   Code   RO         4499    i.__kernel_cos      m_ws.l(cos_i.o)
    0x08003994   0x08003994   0x000000aa   Code   RO         4518    i.__kernel_poly     m_ws.l(poly.o)
    0x08003a3e   0x08003a3e   0x00000002   PAD
    0x08003a40   0x08003a40   0x000000ec   Code   RO         4526    i.__kernel_sin      m_ws.l(sin_i.o)
    0x08003b2c   0x08003b2c   0x00000010   Code   RO         4502    i.__mathlib_dbl_divzero  m_ws.l(dunder.o)
    0x08003b3c   0x08003b3c   0x00000006   Code   RO         4503    i.__mathlib_dbl_infnan  m_ws.l(dunder.o)
    0x08003b42   0x08003b42   0x00000004   Code   RO         4504    i.__mathlib_dbl_infnan2  m_ws.l(dunder.o)
    0x08003b46   0x08003b46   0x0000000c   Code   RO         4505    i.__mathlib_dbl_invalid  m_ws.l(dunder.o)
    0x08003b52   0x08003b52   0x0000000e   Code   RO         4506    i.__mathlib_dbl_overflow  m_ws.l(dunder.o)
    0x08003b60   0x08003b60   0x00000010   Code   RO         4508    i.__mathlib_dbl_underflow  m_ws.l(dunder.o)
    0x08003b70   0x08003b70   0x0000000e   Code   RO         4585    i.__scatterload_copy  mc_w.l(handlers.o)
    0x08003b7e   0x08003b7e   0x00000002   Code   RO         4586    i.__scatterload_null  mc_w.l(handlers.o)
    0x08003b80   0x08003b80   0x0000000e   Code   RO         4587    i.__scatterload_zeroinit  mc_w.l(handlers.o)
    0x08003b8e   0x08003b8e   0x00000002   PAD
    0x08003b90   0x08003b90   0x0000000c   Code   RO         4557    i.__set_errno       mc_w.l(errno.o)
    0x08003b9c   0x08003b9c   0x00000184   Code   RO         4450    i._fp_digits        mc_w.l(printfa.o)
    0x08003d20   0x08003d20   0x000006dc   Code   RO         4451    i._printf_core      mc_w.l(printfa.o)
    0x080043fc   0x080043fc   0x00000024   Code   RO         4452    i._printf_post_padding  mc_w.l(printfa.o)
    0x08004420   0x08004420   0x0000002e   Code   RO         4453    i._printf_pre_padding  mc_w.l(printfa.o)
    0x0800444e   0x0800444e   0x00000002   PAD
    0x08004450   0x08004450   0x00000220   Code   RO         4148    i.atan              m_ws.l(atan.o)
    0x08004670   0x08004670   0x0000009c   Code   RO         4166    i.cos               m_ws.l(cos.o)
    0x0800470c   0x0800470c   0x00000034   Code   RO         3547    i.dt_calculate_end  ztjs.o
    0x08004740   0x08004740   0x00000018   Code   RO          347    i.fputc             usart.o
    0x08004758   0x08004758   0x00000080   Code   RO           16    i.main              main.o
    0x080047d8   0x080047d8   0x000009d8   Code   RO         4174    i.pow               m_ws.l(pow.o)
    0x080051b0   0x080051b0   0x000000a0   Code   RO         4184    i.sin               m_ws.l(sin.o)
    0x08005250   0x08005250   0x0000004c   Code   RO         4192    i.sqrt              m_ws.l(sqrt.o)
    0x0800529c   0x0800529c   0x00000010   Data   RO         3316    .constdata          system_stm32f1xx.o
    0x080052ac   0x080052ac   0x00000008   Data   RO         3317    .constdata          system_stm32f1xx.o
    0x080052b4   0x080052b4   0x00000004   PAD
    0x080052b8   0x080052b8   0x00000098   Data   RO         4149    .constdata          m_ws.l(atan.o)
    0x08005350   0x08005350   0x00000088   Data   RO         4175    .constdata          m_ws.l(pow.o)
    0x080053d8   0x080053d8   0x00000030   Data   RO         4500    .constdata          m_ws.l(cos_i.o)
    0x08005408   0x08005408   0x00000008   Data   RO         4520    .constdata          m_ws.l(qnan.o)
    0x08005410   0x08005410   0x000000c8   Data   RO         4523    .constdata          m_ws.l(rred.o)
    0x080054d8   0x080054d8   0x00000028   Data   RO         4527    .constdata          m_ws.l(sin_i.o)
    0x08005500   0x08005500   0x00000020   Data   RO         4583    Region$$Table       anon$$obj.o


    Execution Region RW_IRAM1 (Exec base: 0x20000000, Load base: 0x08005520, Size: 0x00000560, Max: 0x00002800, ABSOLUTE)

    Exec Addr    Load Addr    Size         Type   Attr      Idx    E Section Name        Object

    0x20000000   0x08005520   0x00000002   Data   RW           17    .data               main.o
    0x20000002   0x08005522   0x00000002   PAD
    0x20000004   0x08005524   0x0000000c   Data   RW         1044    .data               stm32f1xx_hal.o
    0x20000010   0x08005530   0x00000004   Data   RW         3318    .data               system_stm32f1xx.o
    0x20000014   0x08005534   0x00000054   Data   RW         3550    .data               ztjs.o
    0x20000068   0x08005588   0x00000004   Data   RW         4546    .data               mc_w.l(stdout.o)
    0x2000006c   0x0800558c   0x00000004   Data   RW         4558    .data               mc_w.l(errno.o)
    0x20000070        -       0x00000054   Zero   RW          304    .bss                i2c.o
    0x200000c4        -       0x00000044   Zero   RW          348    .bss                usart.o
    0x20000108        -       0x00000048   Zero   RW          512    .bss                tim.o
    0x20000150        -       0x00000010   Zero   RW         3549    .bss                ztjs.o
    0x20000160        -       0x00000400   Zero   RW            1    STACK               startup_stm32f103x6.o


==============================================================================

Image component sizes


      Code (inc. data)   RO Data    RW Data    ZI Data      Debug   Object Name

       202          8          0          0          0       2980   bsp_mpu6050.o
        76          6          0          0          0     421251   gpio.o
       192         30          0          0         84       1561   i2c.o
       254         48          0          2          0     407164   main.o
        36          8        236          0       1024        776   startup_stm32f103x6.o
       164         28          0         12          0       5345   stm32f1xx_hal.o
       198         14          0          0          0      28779   stm32f1xx_hal_cortex.o
       158          4          0          0          0       1578   stm32f1xx_hal_dma.o
       448         30          0          0          0       2200   stm32f1xx_hal_gpio.o
      5190         88          0          0          0      28896   stm32f1xx_hal_i2c.o
        60          8          0          0          0        818   stm32f1xx_hal_msp.o
      1272        100          0          0          0       5028   stm32f1xx_hal_rcc.o
       986         18          0          0          0       9797   stm32f1xx_hal_tim.o
       100         10          0          0          0       2261   stm32f1xx_hal_tim_ex.o
       560          6          0          0          0       3808   stm32f1xx_hal_uart.o
        44         12          0          0          0       4444   stm32f1xx_it.o
         2          0         24          4          0       1035   system_stm32f1xx.o
       168         20          0          0         72       1558   tim.o
       192         24          0          0         68       2018   usart.o
       796         38          0         84         16       2513   ztjs.o

    ----------------------------------------------------------------------
     11120        500        296        104       1264     933810   Object Totals
         0          0         32          0          0          0   (incl. Generated)
        22          0          4          2          0          0   (incl. Padding)

    ----------------------------------------------------------------------

      Code (inc. data)   RO Data    RW Data    ZI Data      Debug   Library Member Name

       544         70        152          0          0        124   atan.o
       156          8          0          0          0        104   cos.o
       252         22         48          0          0        124   cos_i.o
        68         10          0          0          0        408   dunder.o
        40          0          0          0          0         68   fpclassify.o
       170          0          0          0          0         96   poly.o
      2520        190        136          0          0        324   pow.o
         0          0          8          0          0          0   qnan.o
       904         76        200          0          0        140   rred.o
       160         10          0          0          0        108   sin.o
       236         12         40          0          0        128   sin_i.o
        76          0          0          0          0         84   sqrt.o
         0          0          0          0          0          0   entry.o
         0          0          0          0          0          0   entry10a.o
         0          0          0          0          0          0   entry11a.o
         8          4          0          0          0          0   entry2.o
         4          0          0          0          0          0   entry5.o
         0          0          0          0          0          0   entry7b.o
         0          0          0          0          0          0   entry8b.o
         8          4          0          0          0          0   entry9a.o
        12          6          0          4          0         68   errno.o
        30          0          0          0          0          0   handlers.o
        36          8          0          0          0         68   init.o
         0          0          0          0          0          0   iusefp.o
        30          0          0          0          0         68   llshl.o
        36          0          0          0          0         68   llsshr.o
        32          0          0          0          0         68   llushr.o
        36          0          0          0          0        108   memseta.o
      2258         90          0          0          0        452   printfa.o
         0          0          0          4          0          0   stdout.o
        44          0          0          0          0         80   uidiv.o
        98          0          0          0          0         92   uldiv.o
        48          0          0          0          0         68   cdrcmple.o
        56          0          0          0          0         88   d2f.o
       334          0          0          0          0        148   dadd.o
       222          0          0          0          0        100   ddiv.o
       186          0          0          0          0        176   depilogue.o
        62          0          0          0          0         80   dfixi.o
        48          0          0          0          0         68   dfixul.o
        34          0          0          0          0         76   dflti.o
        26          0          0          0          0         76   dfltui.o
       228          0          0          0          0         96   dmul.o
        46          0          0          0          0         80   dscalb.o
       162          0          0          0          0        100   dsqrt.o
        38          0          0          0          0         68   f2d.o
       176          0          0          0          0        140   fadd.o
       124          0          0          0          0         88   fdiv.o
       110          0          0          0          0        168   fepilogue.o
        18          0          0          0          0         68   fflti.o
        10          0          0          0          0         68   ffltui.o
       100          0          0          0          0         76   fmul.o

    ----------------------------------------------------------------------
      9792        510        584          8          0       4612   Library Totals
         6          0          0          0          0          0   (incl. Padding)

    ----------------------------------------------------------------------

      Code (inc. data)   RO Data    RW Data    ZI Data      Debug   Library Name

      5126        398        584          0          0       1708   m_ws.l
      2632        112          0          8          0       1072   mc_w.l
      2028          0          0          0          0       1832   mf_w.l

    ----------------------------------------------------------------------
      9792        510        584          8          0       4612   Library Totals

    ----------------------------------------------------------------------

==============================================================================


      Code (inc. data)   RO Data    RW Data    ZI Data      Debug   

     20912       1010        880        112       1264     930982   Grand Totals
     20912       1010        880        112       1264     930982   ELF Image Totals
     20912       1010        880        112          0          0   ROM Totals

==============================================================================

    Total RO  Size (Code + RO Data)                21792 (  21.28kB)
    Total RW  Size (RW Data + ZI Data)              1376 (   1.34kB)
    Total ROM Size (Code + RO Data + RW Data)      21904 (  21.39kB)

==============================================================================

